
"before" 
1 
"after" 
0.9 
"before" 
1.1 
"after" 
1.0 
"before" 
1.1 
"after" 
1.0 
"before" 
1.1 
"after" 
1.0 
"before" 
1.1 
"after" 
1.0 
"before" 
1.1 
"after" 
1.0 
"before" 
1.1 
"after" 
1.0 
"before" 
1.1 
"after" 
1.0 
"before" 
1.1 
"after" 
1.0 
"before" 
1.1 
"after" 
1.0 
"before" 
1.1 
"after" 
1.0 
"before" 
1.1 
"after" 
1.0 
"before" 
1.1 
"after" 
1.0 
"before" 
1.1 
"after" 
1.0 
"before" 
1.1 
"after" 
1.0 
"before" 
1.1 
"after" 
1.0 
"before" 
1.1 
"after" 
1.0 
"before" 
1.1 
"after" 
1.0 
"before" 
1.1 
"after" 
1.0 
"before" 
1.1 
"after" 
1.0 
"before" 
1.1 
"after" 
1.0 
"before" 
1.1 
"after" 
1.0 
"before" 
1.1 
"after" 
1.0 
"before" 
1.1 
"after" 
1.0 
"before" 
1.1 
"after" 
1.0 
"before" 
1.1 
"after" 
1.0 
"before" 
1.1 
"after" 
1.0 
"before" 
1.1 
"after" 
1.0 
"before" 
1.1 
"after" 
1.0 
"before" 
1.1 
"after" 
1.0 
"before" 
1.1 
"after" 
1.0 
"before" 
1.1 
"after" 
1.0 
"before" 
1.1 
"after" 
1.0 
"before" 
1.1 
"after" 
1.0 
"before" 
1.1 
"after" 
1.0 
"before" 
1.1 
"after" 
1.0 
"before" 
1.1 
"after" 
1.0 
"before" 
1.1 
"after" 
1.0 
"before" 
1.1 
"after" 
1.0 
"before" 
1.1 
"after" 
1.0 
"before" 
1.1 
"after" 
1.0 
"before" 
1.1 
"after" 
1.0 
"before" 
1.1 
"after" 
1.0 
"before" 
1.1 
"after" 
1.0 
"before" 
1.1 
"after" 
1.0 
"before" 
1.1 
"after" 
1.0 
"before" 
1.1 
"after" 
1.0 
"before" 
1.1 
"after" 
1.0 
"before" 
1.1 
"after" 
1.0 
"before" 
1.1 
"after" 
1.0 
"before" 
1.1 
"after" 
1.0 
"before" 
1.1 
"after" 
1.0 
"before" 
1.1 
"after" 
1.0 
"before" 
1.1 
"after" 
1.0 
"before" 
1.1 
"after" 
1.0 
"before" 
1.1 
"after" 
1.0 
"before" 
1.1 
"after" 
1.0 
"before" 
1.1 
"after" 
1.0 
"before" 
1.1 
"after" 
1.0 
"before" 
1.1 
"after" 
1.0 
"before" 
1.1 
"after" 
1.0 
"before" 
1.2 
"after" 
1.1 
"before" 
1.2 
"after" 
1.1 
"before" 
1.2 
"after" 
1.1 
"before" 
1.2 
"after" 
1.1 
"before" 
1.2 
"after" 
1.1 
"before" 
1.2 
"after" 
1.1 
"before" 
1.2 
"after" 
1.1 
"before" 
1.2 
"after" 
1.1 
"before" 
1.2 
"after" 
1.1 
"before" 
1.2 
"after" 
1.1 
"before" 
1.2 
"after" 
1.1 
"before" 
1.2 
"after" 
1.1 
"before" 
1.2 
"after" 
1.1 
"before" 
1.2 
"after" 
1.1 
"before" 
1.2 
"after" 
1.1 
"before" 
1.2 
"after" 
1.1 
"before" 
1.2 
"after" 
1.1 
"before" 
1.2 
"after" 
1.1 
"before" 
1.2 
"after" 
1.1 
"before" 
1.2 
"after" 
1.1 
"before" 
1.2 
"after" 
1.1 
"before" 
1.2 
"after" 
1.1 
"before" 
1.2 
"after" 
1.1 
"before" 
1.2 
"after" 
1.1 
"before" 
1.2 
"after" 
1.1 
"before" 
1.2 
"after" 
1.1 
"before" 
1.2 
"after" 
1.1 
"before" 
1.2 
"after" 
1.1 
"before" 
1.2 
"after" 
1.1 
"before" 
1.2 
"after" 
1.1 
"before" 
1.2 
"after" 
1.1 
"before" 
1.2 
"after" 
1.1 
"before" 
1.2 
"after" 
1.1 
"before" 
1.2 
"after" 
1.1 
"before" 
1.2 
"after" 
1.1 
"before" 
1.2 
"after" 
1.1 
"before" 
1.2 
"after" 
1.1 
"before" 
1.2 
"after" 
1.1 
"before" 
1.2 
"after" 
1.1 
"before" 
1.2 
"after" 
1.1 
"before" 
1.2 
"after" 
1.1 
"before" 
1.2 
"after" 
1.1 
"before" 
1.2 
"after" 
1.1 
"before" 
1.2 
"after" 
1.1 
"before" 
1.2 
"after" 
1.1 
"before" 
1.2 
"after" 
1.1 
"before" 
1.2 
"after" 
1.1 
"before" 
1.2 
"after" 
1.1 
"before" 
1.2 
"after" 
1.1 
"before" 
1.2 
"after" 
1.1 
"before" 
1.2 
"after" 
1.1 
"before" 
1.2 
"after" 
1.1 
"before" 
1.2 
"after" 
1.1 
"before" 
1.2 
"after" 
1.1 
"before" 
1.2 
"after" 
1.1 
"before" 
1.2 
"after" 
1.1 
"before" 
1.2 
"after" 
1.1 
"before" 
1.2 
"after" 
1.1 
"before" 
1.2 
"after" 
1.1 
"before" 
1.1 
"after" 
1.0 
"before" 
1.2 
"after" 
1.1 
"before" 
1.2 
"after" 
1.1 
"before" 
1.2 
"after" 
1.1 
"before" 
1.2 
"after" 
1.1 
"before" 
1.2 
"after" 
1.1 
"before" 
1.2 
"after" 
1.1 
"before" 
1.2 
"after" 
1.1 
"before" 
1.2 
"after" 
1.1 
"before" 
1.2 
"after" 
1.1 
"before" 
1.2 
"after" 
1.1 
"before" 
1.2 
"after" 
1.1 
"before" 
1.2 
"after" 
1.1 
"before" 
1.2 
"after" 
1.1 
"before" 
1.2 
"after" 
1.1 
"before" 
1.2 
"after" 
1.1 
"before" 
1.2 
"after" 
1.1 
"before" 
1.2 
"after" 
1.1 
"before" 
1.2 
"after" 
1.1 
"before" 
1.2 
"after" 
1.1 
"before" 
1.2 
"after" 
1.1 
"before" 
1.2 
"after" 
1.1 
"before" 
1.2 
"after" 
1.1 
"before" 
1.2 
"after" 
1.1 
"before" 
1.2 
"after" 
1.1 
"before" 
1.2 
"after" 
1.1 
"before" 
1.2 
"after" 
1.1 
"before" 
1.2 
"after" 
1.1 
"before" 
1.2 
"after" 
1.1 
"before" 
1.2 
"after" 
1.1 
"before" 
1.2 
"after" 
1.1 
"before" 
1.2 
"after" 
1.1 
"before" 
1.2 
"after" 
1.1 
"before" 
1.2 
"after" 
1.1 
"before" 
1.2 
"after" 
1.1 
"before" 
1.2 
"after" 
1.1 
"before" 
1.2 
"after" 
1.1 
"before" 
1.2 
"after" 
1.1 
"before" 
1.2 
"after" 
1.1 
"before" 
1.2 
"after" 
1.1 
"before" 
1.2 
"after" 
1.1 
"before" 
1.2 
"after" 
1.1 
"before" 
1.2 
"after" 
1.1 
"before" 
1.2 
"after" 
1.1 
"before" 
1.2 
"after" 
1.1 
"before" 
1.2 
"after" 
1.1 
"before" 
1.2 
"after" 
1.1 
"before" 
1.2 
"after" 
1.1 
"before" 
1.2 
"after" 
1.1 
"before" 
1.2 
"after" 
1.1 
"before" 
1.2 
"after" 
1.1 
"before" 
1.2 
"after" 
1.1 
"before" 
1.2 
"after" 
1.1 
"before" 
1.2 
"after" 
1.1 
"before" 
1.2 
"after" 
1.1 
"before" 
1.2 
"after" 
1.1 
"before" 
1.2 
"after" 
1.1 
"before" 
1.2 
"after" 
1.1 
"before" 
1.2 
"after" 
1.1 
"before" 
1.2 
"after" 
1.1 
"before" 
1.1 
"after" 
1.0 
"before" 
1.2 
"after" 
1.1 
"before" 
1.2 
"after" 
1.1 
"before" 
1.2 
"after" 
1.1 
"before" 
1.2 
"after" 
1.1 
"before" 
1.2 
"after" 
1.1 
"before" 
1.2 
"after" 
1.1 
"before" 
1.2 
"after" 
1.1 
"before" 
1.2 
"after" 
1.1 
"before" 
1.2 
"after" 
1.1 
"before" 
1.2 
"after" 
1.1 
"before" 
1.2 
"after" 
1.1 
"before" 
1.2 
"after" 
1.1 
"before" 
1.2 
"after" 
1.1 
"before" 
1.2 
"after" 
1.1 
"before" 
1.2 
"after" 
1.1 
"before" 
1.2 
"after" 
1.1 
"before" 
1.2 
"after" 
1.1 
"before" 
1.2 
"after" 
1.1 
"before" 
1.2 
"after" 
1.1 
"before" 
1.2 
"after" 
1.1 
"before" 
1.2 
"after" 
1.1 
"before" 
1.2 
"after" 
1.1 
"before" 
1.2 
"after" 
1.1 
"before" 
1.2 
"after" 
1.1 
"before" 
1.2 
"after" 
1.1 
"before" 
1.2 
"after" 
1.1 
"before" 
1.2 
"after" 
1.1 
"before" 
1.2 
"after" 
1.1 
"before" 
1.2 
"after" 
1.1 
"before" 
1.2 
"after" 
1.1 
"before" 
1.2 
"after" 
1.1 
"before" 
1.2 
"after" 
1.1 
"before" 
1.2 
"after" 
1.1 
"before" 
1.2 
"after" 
1.1 
"before" 
1.2 
"after" 
1.1 
"before" 
1.2 
"after" 
1.1 
"before" 
1.2 
"after" 
1.1 
"before" 
1.2 
"after" 
1.1 
"before" 
1.2 
"after" 
1.1 
"before" 
1.2 
"after" 
1.1 
"before" 
1.2 
"after" 
1.1 
"before" 
1.2 
"after" 
1.1 
"before" 
1.2 
"after" 
1.1 
"before" 
1.2 
"after" 
1.1 
"before" 
1.2 
"after" 
1.1 
"before" 
1.2 
"after" 
1.1 
"before" 
1.2 
"after" 
1.1 
"before" 
1.2 
"after" 
1.1 
"before" 
1.2 
"after" 
1.1 
"before" 
1.2 
"after" 
1.1 
"before" 
1.2 
"after" 
1.1 
"before" 
1.2 
"after" 
1.1 
"before" 
1.2 
"after" 
1.1 
"before" 
1.2 
"after" 
1.1 
"before" 
1.2 
"after" 
1.1 
"before" 
1.2 
"after" 
1.1 
"before" 
1.2 
"after" 
1.1 
"before" 
1.2 
"after" 
1.1 
"before" 
1.2 
"after" 
1.1 
"before" 
1.1 
"after" 
1.0 
"before" 
1.2 
"after" 
1.1 
"before" 
1.2 
"after" 
1.1 
"before" 
1.2 
"after" 
1.1 
"before" 
1.2 
"after" 
1.1 
"before" 
1.2 
"after" 
1.1 
"before" 
1.2 
"after" 
1.1 
"before" 
1.2 
"after" 
1.1 
"before" 
1.2 
"after" 
1.1 
"before" 
1.2 
"after" 
1.1 
"before" 
1.2 
"after" 
1.1 
"before" 
1.2 
"after" 
1.1 
"before" 
1.2 
"after" 
1.1 
"before" 
1.2 
"after" 
1.1 
"before" 
1.2 
"after" 
1.1 
"before" 
1.2 
"after" 
1.1 
"before" 
1.2 
"after" 
1.1 
"before" 
1.2 
"after" 
1.1 
"before" 
1.2 
"after" 
1.1 
"before" 
1.2 
"after" 
1.1 
"before" 
1.2 
"after" 
1.1 
"before" 
1.2 
"after" 
1.1 
"before" 
1.2 
"after" 
1.1 
"before" 
1.2 
"after" 
1.1 
"before" 
1.2 
"after" 
1.1 
"before" 
1.2 
"after" 
1.1 
"before" 
1.2 
"after" 
1.1 
"before" 
1.2 
"after" 
1.1 
"before" 
1.2 
"after" 
1.1 
"before" 
1.2 
"after" 
1.1 
"before" 
1.2 
"after" 
1.1 
"before" 
1.2 
"after" 
1.1 
"before" 
1.2 
"after" 
1.1 
"before" 
1.2 
"after" 
1.1 
"before" 
1.2 
"after" 
1.1 
"before" 
1.2 
"after" 
1.1 
"before" 
1.2 
"after" 
1.1 
"before" 
1.2 
"after" 
1.1 
"before" 
1.2 
"after" 
1.1 
"before" 
1.2 
"after" 
1.1 
"before" 
1.2 
"after" 
1.1 
"before" 
1.2 
"after" 
1.1 
"before" 
1.2 
"after" 
1.1 
"before" 
1.2 
"after" 
1.1 
"before" 
1.2 
"after" 
1.1 
"before" 
1.2 
"after" 
1.1 
"before" 
1.2 
"after" 
1.1 
"before" 
1.2 
"after" 
1.1 
"before" 
1.2 
"after" 
1.1 
"before" 
1.2 
"after" 
1.1 
"before" 
1.2 
"after" 
1.1 
"before" 
1.2 
"after" 
1.1 
"before" 
1.2 
"after" 
1.1 
"before" 
1.2 
"after" 
1.1 
"before" 
1.2 
"after" 
1.1 
"before" 
1.2 
"after" 
1.1 
"before" 
1.2 
"after" 
1.1 
"before" 
1.2 
"after" 
1.1 
"before" 
1.2 
"after" 
1.1 
"before" 
1.2 
"after" 
1.1 
"before" 
1.1 
"after" 
1.0 
"before" 
1.2 
"after" 
1.1 
"before" 
1.2 
"after" 
1.1 
"before" 
1.2 
"after" 
1.1 
"before" 
1.2 
"after" 
1.1 
"before" 
1.2 
"after" 
1.1 
"before" 
1.2 
"after" 
1.1 
"before" 
1.2 
"after" 
1.1 
"before" 
1.2 
"after" 
1.1 
"before" 
1.2 
"after" 
1.1 
"before" 
1.2 
"after" 
1.1 
"before" 
1.2 
"after" 
1.1 
"before" 
1.2 
"after" 
1.1 
"before" 
1.2 
"after" 
1.1 
"before" 
1.2 
"after" 
1.1 
"before" 
1.2 
"after" 
1.1 
"before" 
1.2 
"after" 
1.1 
"before" 
1.2 
"after" 
1.1 
"before" 
1.2 
"after" 
1.1 
"before" 
1.2 
"after" 
1.1 
"before" 
1.2 
"after" 
1.1 
"before" 
1.2 
"after" 
1.1 
"before" 
1.2 
"after" 
1.1 
"before" 
1.2 
"after" 
1.1 
"before" 
1.2 
"after" 
1.1 
"before" 
1.2 
"after" 
1.1 
"before" 
1.2 
"after" 
1.1 
"before" 
1.2 
"after" 
1.1 
"before" 
1.2 
"after" 
1.1 
"before" 
1.2 
"after" 
1.1 
"before" 
1.2 
"after" 
1.1 
"before" 
1.2 
"after" 
1.1 
"before" 
1.2 
"after" 
1.1 
"before" 
1.2 
"after" 
1.1 
"before" 
1.2 
"after" 
1.1 
"before" 
1.2 
"after" 
1.1 
"before" 
1.2 
"after" 
1.1 
"before" 
1.2 
"after" 
1.1 
"before" 
1.2 
"after" 
1.1 
"before" 
1.2 
"after" 
1.1 
"before" 
1.2 
"after" 
1.1 
"before" 
1.2 
"after" 
1.1 
"before" 
1.2 
"after" 
1.1 
"before" 
1.2 
"after" 
1.1 
"before" 
1.2 
"after" 
1.1 
"before" 
1.2 
"after" 
1.1 
"before" 
1.2 
"after" 
1.1 
"before" 
1.2 
"after" 
1.1 
"before" 
1.2 
"after" 
1.1 
"before" 
1.2 
"after" 
1.1 
"before" 
1.2 
"after" 
1.1 
"before" 
1.2 
"after" 
1.1 
"before" 
1.2 
"after" 
1.1 
"before" 
1.2 
"after" 
1.1 
"before" 
1.2 
"after" 
1.1 
"before" 
1.2 
"after" 
1.1 
"before" 
1.2 
"after" 
1.1 
"before" 
1.2 
"after" 
1.1 
"before" 
1.2 
"after" 
1.1 
"before" 
1.2 
"after" 
1.1 
"before" 
1.1 
"after" 
1.0 
"before" 
1.2 
"after" 
1.1 
"before" 
1.2 
"after" 
1.1 
"before" 
1.2 
"after" 
1.1 
"before" 
1.2 
"after" 
1.1 
"before" 
1.2 
"after" 
1.1 
"before" 
1.2 
"after" 
1.1 
"before" 
1.2 
"after" 
1.1 
"before" 
1.2 
"after" 
1.1 
"before" 
1.2 
"after" 
1.1 
"before" 
1.2 
"after" 
1.1 
"before" 
1.2 
"after" 
1.1 
"before" 
1.2 
"after" 
1.1 
"before" 
1.2 
"after" 
1.1 
"before" 
1.2 
"after" 
1.1 
"before" 
1.2 
"after" 
1.1 
"before" 
1.2 
"after" 
1.1 
"before" 
1.2 
"after" 
1.1 
"before" 
1.2 
"after" 
1.1 
"before" 
1.2 
"after" 
1.1 
"before" 
1.2 
"after" 
1.1 
"before" 
1.2 
"after" 
1.1 
"before" 
1.2 
"after" 
1.1 
"before" 
1.2 
"after" 
1.1 
"before" 
1.2 
"after" 
1.1 
"before" 
1.2 
"after" 
1.1 
"before" 
1.2 
"after" 
1.1 
"before" 
1.2 
"after" 
1.1 
"before" 
1.2 
"after" 
1.1 
"before" 
1.2 
"after" 
1.1 
"before" 
1.2 
"after" 
1.1 
"before" 
1.2 
"after" 
1.1 
"before" 
1.2 
"after" 
1.1 
"before" 
1.2 
"after" 
1.1 
"before" 
1.2 
"after" 
1.1 
"before" 
1.2 
"after" 
1.1 
"before" 
1.2 
"after" 
1.1 
"before" 
1.2 
"after" 
1.1 
"before" 
1.2 
"after" 
1.1 
"before" 
1.2 
"after" 
1.1 
"before" 
1.2 
"after" 
1.1 
"before" 
1.2 
"after" 
1.1 
"before" 
1.2 
"after" 
1.1 
"before" 
1.2 
"after" 
1.1 
"before" 
1.2 
"after" 
1.1 
"before" 
1.2 
"after" 
1.1 
"before" 
1.2 
"after" 
1.1 
"before" 
1.2 
"after" 
1.1 
"before" 
1.2 
"after" 
1.1 
"before" 
1.2 
"after" 
1.1 
"before" 
1.2 
"after" 
1.1 
"before" 
1.2 
"after" 
1.1 
"before" 
1.2 
"after" 
1.1 
"before" 
1.2 
"after" 
1.1 
"before" 
1.2 
"after" 
1.1 
"before" 
1.2 
"after" 
1.1 
"before" 
1.2 
"after" 
1.1 
"before" 
1.2 
"after" 
1.1 
"before" 
1.2 
"after" 
1.1 
"before" 
1.2 
"after" 
1.1 
"before" 
1.1 
"after" 
1.0 
"before" 
1.2 
"after" 
1.1 
"before" 
1.2 
"after" 
1.1 
"before" 
1.2 
"after" 
1.1 
"before" 
1.2 
"after" 
1.1 
"before" 
1.2 
"after" 
1.1 
"before" 
1.2 
"after" 
1.1 
"before" 
1.2 
"after" 
1.1 
"before" 
1.2 
"after" 
1.1 
"before" 
1.2 
"after" 
1.1 
"before" 
1.2 
"after" 
1.1 
"before" 
1.2 
"after" 
1.1 
"before" 
1.2 
"after" 
1.1 
"before" 
1.2 
"after" 
1.1 
"before" 
1.2 
"after" 
1.1 
"before" 
1.2 
"after" 
1.1 
"before" 
1.2 
"after" 
1.1 
"before" 
1.2 
"after" 
1.1 
"before" 
1.2 
"after" 
1.1 
"before" 
1.2 
"after" 
1.1 
"before" 
1.2 
"after" 
1.1 
"before" 
1.2 
"after" 
1.1 
"before" 
1.2 
"after" 
1.1 
"before" 
1.2 
"after" 
1.1 
"before" 
1.2 
"after" 
1.1 
"before" 
1.2 
"after" 
1.1 
"before" 
1.2 
"after" 
1.1 
"before" 
1.2 
"after" 
1.1 
"before" 
1.2 
"after" 
1.1 
"before" 
1.2 
"after" 
1.1 
"before" 
1.2 
"after" 
1.1 
"before" 
1.2 
"after" 
1.1 
"before" 
1.2 
"after" 
1.1 
"before" 
1.2 
"after" 
1.1 
"before" 
1.2 
"after" 
1.1 
"before" 
1.2 
"after" 
1.1 
"before" 
1.2 
"after" 
1.1 
"before" 
1.2 
"after" 
1.1 
"before" 
1.2 
"after" 
1.1 
"before" 
1.2 
"after" 
1.1 
"before" 
1.2 
"after" 
1.1 
"before" 
1.2 
"after" 
1.1 
"before" 
1.2 
"after" 
1.1 
"before" 
1.2 
"after" 
1.1 
"before" 
1.2 
"after" 
1.1 
"before" 
1.2 
"after" 
1.1 
"before" 
1.2 
"after" 
1.1 
"before" 
1.2 
"after" 
1.1 
"before" 
1.2 
"after" 
1.1 
"before" 
1.2 
"after" 
1.1 
"before" 
1.2 
"after" 
1.1 
"before" 
1.2 
"after" 
1.1 
"before" 
1.2 
"after" 
1.1 
"before" 
1.2 
"after" 
1.1 
"before" 
1.2 
"after" 
1.1 
"before" 
1.2 
"after" 
1.1 
"before" 
1.2 
"after" 
1.1 
"before" 
1.2 
"after" 
1.1 
"before" 
1.2 
"after" 
1.1 
"before" 
1.2 
"after" 
1.1 
"before" 
1.1 
"after" 
1.0 
"before" 
1.2 
"after" 
1.1 
"before" 
1.2 
"after" 
1.1 
"before" 
1.2 
"after" 
1.1 
"before" 
1.2 
"after" 
1.1 
"before" 
1.2 
"after" 
1.1 
"before" 
1.2 
"after" 
1.1 
"before" 
1.2 
"after" 
1.1 
"before" 
1.2 
"after" 
1.1 
"before" 
1.2 
"after" 
1.1 
"before" 
1.2 
"after" 
1.1 
"before" 
1.2 
"after" 
1.1 
"before" 
1.2 
"after" 
1.1 
"before" 
1.2 
"after" 
1.1 
"before" 
1.2 
"after" 
1.1 
"before" 
1.2 
"after" 
1.1 
"before" 
1.2 
"after" 
1.1 
"before" 
1.2 
"after" 
1.1 
"before" 
1.2 
"after" 
1.1 
"before" 
1.2 
"after" 
1.1 
"before" 
1.2 
"after" 
1.1 
"before" 
1.2 
"after" 
1.1 
"before" 
1.2 
"after" 
1.1 
"before" 
1.2 
"after" 
1.1 
"before" 
1.2 
"after" 
1.1 
"before" 
1.2 
"after" 
1.1 
"before" 
1.2 
"after" 
1.1 
"before" 
1.2 
"after" 
1.1 
"before" 
1.2 
"after" 
1.1 
"before" 
1.2 
"after" 
1.1 
"before" 
1.2 
"after" 
1.1 
"before" 
1.2 
"after" 
1.1 
"before" 
1.2 
"after" 
1.1 
"before" 
1.2 
"after" 
1.1 
"before" 
1.2 
"after" 
1.1 
"before" 
1.2 
"after" 
1.1 
"before" 
1.2 
"after" 
1.1 
"before" 
1.2 
"after" 
1.1 
"before" 
1.2 
"after" 
1.1 
"before" 
1.2 
"after" 
1.1 
"before" 
1.2 
"after" 
1.1 
"before" 
1.2 
"after" 
1.1 
"before" 
1.2 
"after" 
1.1 
"before" 
1.2 
"after" 
1.1 
"before" 
1.2 
"after" 
1.1 
"before" 
1.2 
"after" 
1.1 
"before" 
1.2 
"after" 
1.1 
"before" 
1.2 
"after" 
1.1 
"before" 
1.2 
"after" 
1.1 
"before" 
1.2 
"after" 
1.1 
"before" 
1.2 
"after" 
1.1 
"before" 
1.2 
"after" 
1.1 
"before" 
1.2 
"after" 
1.1 
"before" 
1.2 
"after" 
1.1 
"before" 
1.2 
"after" 
1.1 
"before" 
1.2 
"after" 
1.1 
"before" 
1.2 
"after" 
1.1 
"before" 
1.2 
"after" 
1.1 
"before" 
1.2 
"after" 
1.1 
"before" 
1.2 
"after" 
1.1 
"before" 
1.1 
"after" 
1.0 
"before" 
1.2 
"after" 
1.1 
"before" 
1.2 
"after" 
1.1 
"before" 
1.2 
"after" 
1.1 
"before" 
1.2 
"after" 
1.1 
"before" 
1.2 
"after" 
1.1 
"before" 
1.2 
"after" 
1.1 
"before" 
1.2 
"after" 
1.1 
"before" 
1.2 
"after" 
1.1 
"before" 
1.2 
"after" 
1.1 
"before" 
1.2 
"after" 
1.1 
"before" 
1.2 
"after" 
1.1 
"before" 
1.2 
"after" 
1.1 
"before" 
1.2 
"after" 
1.1 
"before" 
1.2 
"after" 
1.1 
"before" 
1.2 
"after" 
1.1 
"before" 
1.2 
"after" 
1.1 
"before" 
1.2 
"after" 
1.1 
"before" 
1.2 
"after" 
1.1 
"before" 
1.2 
"after" 
1.1 
"before" 
1.2 
"after" 
1.1 
"before" 
1.2 
"after" 
1.1 
"before" 
1.2 
"after" 
1.1 
"before" 
1.2 
"after" 
1.1 
"before" 
1.2 
"after" 
1.1 
"before" 
1.2 
"after" 
1.1 
"before" 
1.2 
"after" 
1.1 
"before" 
1.2 
"after" 
1.1 
"before" 
1.2 
"after" 
1.1 
"before" 
1.2 
"after" 
1.1 
"before" 
1.2 
"after" 
1.1 
"before" 
1.2 
"after" 
1.1 
"before" 
1.2 
"after" 
1.1 
"before" 
1.2 
"after" 
1.1 
"before" 
1.2 
"after" 
1.1 
"before" 
1.2 
"after" 
1.1 
"before" 
1.2 
"after" 
1.1 
"before" 
1.2 
"after" 
1.1 
"before" 
1.2 
"after" 
1.1 
"before" 
1.2 
"after" 
1.1 
"before" 
1.2 
"after" 
1.1 
"before" 
1.2 
"after" 
1.1 
"before" 
1.2 
"after" 
1.1 
"before" 
1.2 
"after" 
1.1 
"before" 
1.2 
"after" 
1.1 
"before" 
1.2 
"after" 
1.1 
"before" 
1.2 
"after" 
1.1 
"before" 
1.2 
"after" 
1.1 
"before" 
1.2 
"after" 
1.1 
"before" 
1.2 
"after" 
1.1 
"before" 
1.2 
"after" 
1.1 
"before" 
1.2 
"after" 
1.1 
"before" 
1.2 
"after" 
1.1 
"before" 
1.2 
"after" 
1.1 
"before" 
1.2 
"after" 
1.1 
"before" 
1.2 
"after" 
1.1 
"before" 
1.2 
"after" 
1.1 
"before" 
1.2 
"after" 
1.1 
"before" 
1.2 
"after" 
1.1 
"before" 
1.2 
"after" 
1.1 
"before" 
1.1 
"after" 
1.0 
"before" 
1.2 
"after" 
1.1 
"before" 
1.2 
"after" 
1.1 
"before" 
1.2 
"after" 
1.1 
"before" 
1.2 
"after" 
1.1 
"before" 
1.2 
"after" 
1.1 
"before" 
1.2 
"after" 
1.1 
"before" 
1.2 
"after" 
1.1 
"before" 
1.2 
"after" 
1.1 
"before" 
1.2 
"after" 
1.1 
"before" 
1.2 
"after" 
1.1 
"before" 
1.2 
"after" 
1.1 
"before" 
1.2 
"after" 
1.1 
"before" 
1.2 
"after" 
1.1 
"before" 
1.2 
"after" 
1.1 
"before" 
1.2 
"after" 
1.1 
"before" 
1.2 
"after" 
1.1 
"before" 
1.2 
"after" 
1.1 
"before" 
1.2 
"after" 
1.1 
"before" 
1.2 
"after" 
1.1 
"before" 
1.2 
"after" 
1.1 
"before" 
1.2 
"after" 
1.1 
"before" 
1.2 
"after" 
1.1 
"before" 
1.2 
"after" 
1.1 
"before" 
1.2 
"after" 
1.1 
"before" 
1.2 
"after" 
1.1 
"before" 
1.2 
"after" 
1.1 
"before" 
1.2 
"after" 
1.1 
"before" 
1.2 
"after" 
1.1 
"before" 
1.2 
"after" 
1.1 
"before" 
1.2 
"after" 
1.1 
"before" 
1.2 
"after" 
1.1 
"before" 
1.2 
"after" 
1.1 
"before" 
1.2 
"after" 
1.1 
"before" 
1.2 
"after" 
1.1 
"before" 
1.2 
"after" 
1.1 
"before" 
1.2 
"after" 
1.1 
"before" 
1.2 
"after" 
1.1 
"before" 
1.2 
"after" 
1.1 
"before" 
1.2 
"after" 
1.1 
"before" 
1.2 
"after" 
1.1 
"before" 
1.2 
"after" 
1.1 
"before" 
1.2 
"after" 
1.1 
"before" 
1.2 
"after" 
1.1 
"before" 
1.2 
"after" 
1.1 
"before" 
1.2 
"after" 
1.1 
"before" 
1.2 
"after" 
1.1 
"before" 
1.2 
"after" 
1.1 
"before" 
1.2 
"after" 
1.1 
"before" 
1.2 
"after" 
1.1 
"before" 
1.2 
"after" 
1.1 
"before" 
1.2 
"after" 
1.1 
"before" 
1.2 
"after" 
1.1 
"before" 
1.2 
"after" 
1.1 
"before" 
1.2 
"after" 
1.1 
"before" 
1.2 
"after" 
1.1 
"before" 
1.2 
"after" 
1.1 
"before" 
1.2 
"after" 
1.1 
"before" 
1.2 
"after" 
1.1 
"before" 
1.2 
"after" 
1.1 
"before" 
1.1 
"after" 
1.0 
"before" 
1.2 
"after" 
1.1 
"before" 
1.2 
"after" 
1.1 
"before" 
1.2 
"after" 
1.1 
"before" 
1.2 
"after" 
1.1 
"before" 
1.2 
"after" 
1.1 
"before" 
1.2 
"after" 
1.1 
"before" 
1.2 
"after" 
1.1 
"before" 
1.2 
"after" 
1.1 
"before" 
1.2 
"after" 
1.1 
"before" 
1.2 
"after" 
1.1 
"before" 
1.2 
"after" 
1.1 
"before" 
1.2 
"after" 
1.1 
"before" 
1.2 
"after" 
1.1 
"before" 
1.2 
"after" 
1.1 
"before" 
1.2 
"after" 
1.1 
"before" 
1.2 
"after" 
1.1 
"before" 
1.2 
"after" 
1.1 
"before" 
1.2 
"after" 
1.1 
"before" 
1.2 
"after" 
1.1 
"before" 
1.2 
"after" 
1.1 
"before" 
1.2 
"after" 
1.1 
"before" 
1.2 
"after" 
1.1 
"before" 
1.2 
"after" 
1.1 
"before" 
1.2 
"after" 
1.1 
"before" 
1.2 
"after" 
1.1 
"before" 
1.2 
"after" 
1.1 
"before" 
1.2 
"after" 
1.1 
"before" 
1.2 
"after" 
1.1 
"before" 
1.2 
"after" 
1.1 
"before" 
1.2 
"after" 
1.1 
"before" 
1.2 
"after" 
1.1 
"before" 
1.2 
"after" 
1.1 
"before" 
1.2 
"after" 
1.1 
"before" 
1.2 
"after" 
1.1 
"before" 
1.2 
"after" 
1.1 
"before" 
1.2 
"after" 
1.1 
"before" 
1.2 
"after" 
1.1 
"before" 
1.2 
"after" 
1.1 
"before" 
1.2 
"after" 
1.1 
"before" 
1.2 
"after" 
1.1 
"before" 
1.2 
"after" 
1.1 
"before" 
1.2 
"after" 
1.1 
"before" 
1.2 
"after" 
1.1 
"before" 
1.2 
"after" 
1.1 
"before" 
1.2 
"after" 
1.1 
"before" 
1.2 
"after" 
1.1 
"before" 
1.2 
"after" 
1.1 
"before" 
1.2 
"after" 
1.1 
"before" 
1.2 
"after" 
1.1 
"before" 
1.2 
"after" 
1.1 
"before" 
1.2 
"after" 
1.1 
"before" 
1.2 
"after" 
1.1 
"before" 
1.2 
"after" 
1.1 
"before" 
1.2 
"after" 
1.1 
"before" 
1.2 
"after" 
1.1 
"before" 
1.2 
"after" 
1.1 
"before" 
1.2 
"after" 
1.1 
"before" 
1.2 
"after" 
1.1 
"before" 
1.2 
"after" 
1.1 
"before" 
1.1 
"after" 
1.0 
"before" 
1.2 
"after" 
1.1 
"before" 
1.2 
"after" 
1.1 
"before" 
1.2 
"after" 
1.1 
"before" 
1.2 
"after" 
1.1 
"before" 
1.2 
"after" 
1.1 
"before" 
1.2 
"after" 
1.1 
"before" 
1.2 
"after" 
1.1 
"before" 
1.2 
"after" 
1.1 
"before" 
1.2 
"after" 
1.1 
"before" 
1.2 
"after" 
1.1 
"before" 
1.2 
"after" 
1.1 
"before" 
1.2 
"after" 
1.1 
"before" 
1.2 
"after" 
1.1 
"before" 
1.2 
"after" 
1.1 
"before" 
1.2 
"after" 
1.1 
"before" 
1.2 
"after" 
1.1 
"before" 
1.2 
"after" 
1.1 
"before" 
1.2 
"after" 
1.1 
"before" 
1.2 
"after" 
1.1 
"before" 
1.2 
"after" 
1.1 
"before" 
1.2 
"after" 
1.1 
"before" 
1.2 
"after" 
1.1 
"before" 
1.2 
"after" 
1.1 
"before" 
1.2 
"after" 
1.1 
"before" 
1.2 
"after" 
1.1 
"before" 
1.2 
"after" 
1.1 
"before" 
1.2 
"after" 
1.1 
"before" 
1.2 
"after" 
1.1 
"before" 
1.2 
"after" 
1.1 
"before" 
1.2 
"after" 
1.1 
"before" 
1.2 
"after" 
1.1 
"before" 
1.2 
"after" 
1.1 
"before" 
1.2 
"after" 
1.1 
"before" 
1.2 
"after" 
1.1 
"before" 
1.2 
"after" 
1.1 
"before" 
1.2 
"after" 
1.1 
"before" 
1.2 
"after" 
1.1 
"before" 
1.2 
"after" 
1.1 
"before" 
1.2 
"after" 
1.1 
"before" 
1.2 
"after" 
1.1 
"before" 
1.2 
"after" 
1.1 
"before" 
1.2 
"after" 
1.1 
"before" 
1.2 
"after" 
1.1 
"before" 
1.2 
"after" 
1.1 
"before" 
1.2 
"after" 
1.1 
"before" 
1.2 
"after" 
1.1 
"before" 
1.2 
"after" 
1.1 
"before" 
1.2 
"after" 
1.1 
"before" 
1.2 
"after" 
1.1 
"before" 
1.2 
"after" 
1.1 
"before" 
1.2 
"after" 
1.1 
"before" 
1.2 
"after" 
1.1 
"before" 
1.2 
"after" 
1.1 
"before" 
1.2 
"after" 
1.1 
"before" 
1.2 
"after" 
1.1 
"before" 
1.2 
"after" 
1.1 
"before" 
1.2 
"after" 
1.1 
"before" 
1.2 
"after" 
1.1 
"before" 
1.2 
"after" 
1.1 
"before" 
1.1 
"after" 
1.0 
"before" 
1.2 
"after" 
1.1 
"before" 
1.2 
"after" 
1.1 
"before" 
1.2 
"after" 
1.1 
"before" 
1.2 
"after" 
1.1 
"before" 
1.2 
"after" 
1.1 
"before" 
1.2 
"after" 
1.1 
"before" 
1.2 
"after" 
1.1 
"before" 
1.2 
"after" 
1.1 
"before" 
1.2 
"after" 
1.1 
"before" 
1.2 
"after" 
1.1 
"before" 
1.2 
"after" 
1.1 
"before" 
1.2 
"after" 
1.1 
"before" 
1.2 
"after" 
1.1 
"before" 
1.2 
"after" 
1.1 
"before" 
1.2 
"after" 
1.1 
"before" 
1.2 
"after" 
1.1 
"before" 
1.2 
"after" 
1.1 
"before" 
1.2 
"after" 
1.1 
"before" 
1.2 
"after" 
1.1 
"before" 
1.2 
"after" 
1.1 
"before" 
1.2 
"after" 
1.1 
"before" 
1.2 
"after" 
1.1 
"before" 
1.2 
"after" 
1.1 
"before" 
1.2 
"after" 
1.1 
"before" 
1.2 
"after" 
1.1 
"before" 
1.2 
"after" 
1.1 
"before" 
1.2 
"after" 
1.1 
"before" 
1.2 
"after" 
1.1 
"before" 
1.2 
"after" 
1.1 
"before" 
1.2 
"after" 
1.1 
"before" 
1.2 
"after" 
1.1 
"before" 
1.2 
"after" 
1.1 
"before" 
1.2 
"after" 
1.1 
"before" 
1.2 
"after" 
1.1 
"before" 
1.2 
"after" 
1.1 
"before" 
1.2 
"after" 
1.1 
"before" 
1.2 
"after" 
1.1 
"before" 
1.2 
"after" 
1.1 
"before" 
1.2 
"after" 
1.1 
"before" 
1.2 
"after" 
1.1 
"before" 
1.2 
"after" 
1.1 
"before" 
1.2 
"after" 
1.1 
"before" 
1.2 
"after" 
1.1 
"before" 
1.2 
"after" 
1.1 
"before" 
1.2 
"after" 
1.1 
"before" 
1.2 
"after" 
1.1 
"before" 
1.2 
"after" 
1.1 
"before" 
1.2 
"after" 
1.1 
"before" 
1.2 
"after" 
1.1 
"before" 
1.2 
"after" 
1.1 
"before" 
1.2 
"after" 
1.1 
"before" 
1.2 
"after" 
1.1 
"before" 
1.2 
"after" 
1.1 
"before" 
1.2 
"after" 
1.1 
"before" 
1.2 
"after" 
1.1 
"before" 
1.2 
"after" 
1.1 
"before" 
1.2 
"after" 
1.1 
"before" 
1.2 
"after" 
1.1 
"before" 
1.2 
"after" 
1.1 
"before" 
1.1 
"after" 
1.0 
"before" 
1.2 
"after" 
1.1 
"before" 
1.2 
"after" 
1.1 
"before" 
1.2 
"after" 
1.1 
"before" 
1.2 
"after" 
1.1 
"before" 
1.2 
"after" 
1.1 
"before" 
1.2 
"after" 
1.1 
"before" 
1.2 
"after" 
1.1 
"before" 
1.2 
"after" 
1.1 
"before" 
1.2 
"after" 
1.1 
"before" 
1.2 
"after" 
1.1 
"before" 
1.2 
"after" 
1.1 
"before" 
1.2 
"after" 
1.1 
"before" 
1.2 
"after" 
1.1 
"before" 
1.2 
"after" 
1.1 
"before" 
1.2 
"after" 
1.1 
"before" 
1.2 
"after" 
1.1 
"before" 
1.2 
"after" 
1.1 
"before" 
1.2 
"after" 
1.1 
"before" 
1.2 
"after" 
1.1 
"before" 
1.2 
"after" 
1.1 
"before" 
1.2 
"after" 
1.1 
"before" 
1.2 
"after" 
1.1 
"before" 
1.2 
"after" 
1.1 
"before" 
1.2 
"after" 
1.1 
"before" 
1.2 
"after" 
1.1 
"before" 
1.2 
"after" 
1.1 
"before" 
1.2 
"after" 
1.1 
"before" 
1.2 
"after" 
1.1 
"before" 
1.2 
"after" 
1.1 
"before" 
1.2 
"after" 
1.1 
"before" 
1.2 
"after" 
1.1 
"before" 
1.2 
"after" 
1.1 
"before" 
1.2 
"after" 
1.1 
"before" 
1.2 
"after" 
1.1 
"before" 
1.2 
"after" 
1.1 
"before" 
1.2 
"after" 
1.1 
"before" 
1.2 
"after" 
1.1 
"before" 
1.2 
"after" 
1.1 
"before" 
1.2 
"after" 
1.1 
"before" 
1.2 
"after" 
1.1 
"before" 
1.2 
"after" 
1.1 
"before" 
1.2 
"after" 
1.1 
"before" 
1.2 
"after" 
1.1 
"before" 
1.2 
"after" 
1.1 
"before" 
1.2 
"after" 
1.1 
"before" 
1.2 
"after" 
1.1 
"before" 
1.2 
"after" 
1.1 
"before" 
1.2 
"after" 
1.1 
"before" 
1.2 
"after" 
1.1 
"before" 
1.2 
"after" 
1.1 
"before" 
1.2 
"after" 
1.1 
"before" 
1.2 
"after" 
1.1 
"before" 
1.2 
"after" 
1.1 
"before" 
1.2 
"after" 
1.1 
"before" 
1.2 
"after" 
1.1 
"before" 
1.2 
"after" 
1.1 
"before" 
1.2 
"after" 
1.1 
"before" 
1.2 
"after" 
1.1 
"before" 
1.2 
"after" 
1.1 
"before" 
1.1 
"after" 
1.0 
"before" 
1.2 
"after" 
1.1 
"before" 
1.2 
"after" 
1.1 
"before" 
1.2 
"after" 
1.1 
"before" 
1.2 
"after" 
1.1 
"before" 
1.2 
"after" 
1.1 
"before" 
1.2 
"after" 
1.1 
"before" 
1.2 
"after" 
1.1 
"before" 
1.2 
"after" 
1.1 
"before" 
1.2 
"after" 
1.1 
"before" 
1.2 
"after" 
1.1 
"before" 
1.2 
"after" 
1.1 
"before" 
1.2 
"after" 
1.1 
"before" 
1.2 
"after" 
1.1 
"before" 
1.2 
"after" 
1.1 
"before" 
1.2 
"after" 
1.1 
"before" 
1.2 
"after" 
1.1 
"before" 
1.2 
"after" 
1.1 
"before" 
1.2 
"after" 
1.1 
"before" 
1.2 
"after" 
1.1 
"before" 
1.2 
"after" 
1.1 
"before" 
1.2 
"after" 
1.1 
"before" 
1.2 
"after" 
1.1 
"before" 
1.2 
"after" 
1.1 
"before" 
1.2 
"after" 
1.1 
"before" 
1.2 
"after" 
1.1 
"before" 
1.2 
"after" 
1.1 
"before" 
1.2 
"after" 
1.1 
"before" 
1.2 
"after" 
1.1 
"before" 
1.2 
"after" 
1.1 
"before" 
1.2 
"after" 
1.1 
"before" 
1.2 
"after" 
1.1 
"before" 
1.2 
"after" 
1.1 
"before" 
1.2 
"after" 
1.1 
"before" 
1.2 
"after" 
1.1 
"before" 
1.2 
"after" 
1.1 
"before" 
1.2 
"after" 
1.1 
"before" 
1.2 
"after" 
1.1 
"before" 
1.2 
"after" 
1.1 
"before" 
1.2 
"after" 
1.1 
"before" 
1.2 
"after" 
1.1 
"before" 
1.2 
"after" 
1.1 
"before" 
1.2 
"after" 
1.1 
"before" 
1.2 
"after" 
1.1 
"before" 
1.2 
"after" 
1.1 
"before" 
1.2 
"after" 
1.1 
"before" 
1.2 
"after" 
1.1 
"before" 
1.2 
"after" 
1.1 
"before" 
1.2 
"after" 
1.1 
"before" 
1.2 
"after" 
1.1 
"before" 
1.2 
"after" 
1.1 
"before" 
1.2 
"after" 
1.1 
"before" 
1.2 
"after" 
1.1 
"before" 
1.2 
"after" 
1.1 
"before" 
1.2 
"after" 
1.1 
"before" 
1.2 
"after" 
1.1 
"before" 
1.2 
"after" 
1.1 
"before" 
1.2 
"after" 
1.1 
"before" 
1.2 
"after" 
1.1 
"before" 
1.2 
"after" 
1.1 
"before" 
1.1 
"after" 
1.0 
"before" 
1.2 
"after" 
1.1 
"before" 
1.2 
"after" 
1.1 
"before" 
1.2 
"after" 
1.1 
"before" 
1.2 
"after" 
1.1 
"before" 
1.2 
"after" 
1.1 
"before" 
1.2 
"after" 
1.1 
"before" 
1.2 
"after" 
1.1 
"before" 
1.2 
"after" 
1.1 
"before" 
1.2 
"after" 
1.1 
"before" 
1.2 
"after" 
1.1 
"before" 
1.2 
"after" 
1.1 
"before" 
1.2 
"after" 
1.1 
"before" 
1.2 
"after" 
1.1 
"before" 
1.2 
"after" 
1.1 
"before" 
1.2 
"after" 
1.1 
"before" 
1.2 
"after" 
1.1 
"before" 
1.2 
"after" 
1.1 
"before" 
1.2 
"after" 
1.1 
"before" 
1.2 
"after" 
1.1 
"before" 
1.2 
"after" 
1.1 
"before" 
1.2 
"after" 
1.1 
"before" 
1.2 
"after" 
1.1 
"before" 
1.2 
"after" 
1.1 
"before" 
1.2 
"after" 
1.1 
"before" 
1.2 
"after" 
1.1 
"before" 
1.2 
"after" 
1.1 
"before" 
1.2 
"after" 
1.1 
"before" 
1.2 
"after" 
1.1 
"before" 
1.2 
"after" 
1.1 
"before" 
1.2 
"after" 
1.1 
"before" 
1.2 
"after" 
1.1 
"before" 
1.2 
"after" 
1.1 
"before" 
1.2 
"after" 
1.1 
"before" 
1.2 
"after" 
1.1 
"before" 
1.2 
"after" 
1.1 
"before" 
1.2 
"after" 
1.1 
"before" 
1.2 
"after" 
1.1 
"before" 
1.2 
"after" 
1.1 
"before" 
1.2 
"after" 
1.1 
"before" 
1.2 
"after" 
1.1 
"before" 
1.2 
"after" 
1.1 
"before" 
1.2 
"after" 
1.1 
"before" 
1.2 
"after" 
1.1 
"before" 
1.2 
"after" 
1.1 
"before" 
1.2 
"after" 
1.1 
"before" 
1.2 
"after" 
1.1 
"before" 
1.2 
"after" 
1.1 
"before" 
1.2 
"after" 
1.1 
"before" 
1.2 
"after" 
1.1 
"before" 
1.2 
"after" 
1.1 
"before" 
1.2 
"after" 
1.1 
"before" 
1.2 
"after" 
1.1 
"before" 
1.2 
"after" 
1.1 
"before" 
1.2 
"after" 
1.1 
"before" 
1.2 
"after" 
1.1 
"before" 
1.2 
"after" 
1.1 
"before" 
1.2 
"after" 
1.1 
"before" 
1.2 
"after" 
1.1 
"before" 
1.2 
"after" 
1.1 
"before" 
1.1 
"after" 
1.0 
"before" 
1.2 
"after" 
1.1 
"before" 
1.2 
"after" 
1.1 
"before" 
1.2 
"after" 
1.1 
"before" 
1.2 
"after" 
1.1 
"before" 
1.2 
"after" 
1.1 
"before" 
1.2 
"after" 
1.1 
"before" 
1.2 
"after" 
1.1 
"before" 
1.2 
"after" 
1.1 
"before" 
1.2 
"after" 
1.1 
"before" 
1.2 
"after" 
1.1 
"before" 
1.2 
"after" 
1.1 
"before" 
1.2 
"after" 
1.1 
"before" 
1.2 
"after" 
1.1 
"before" 
1.2 
"after" 
1.1 
"before" 
1.2 
"after" 
1.1 
"before" 
1.2 
"after" 
1.1 
"before" 
1.2 
"after" 
1.1 
"before" 
1.2 
"after" 
1.1 
"before" 
1.2 
"after" 
1.1 
"before" 
1.2 
"after" 
1.1 
"before" 
1.2 
"after" 
1.1 
"before" 
1.2 
"after" 
1.1 
"before" 
1.2 
"after" 
1.1 
"before" 
1.2 
"after" 
1.1 
"before" 
1.2 
"after" 
1.1 
"before" 
1.2 
"after" 
1.1 
"before" 
1.2 
"after" 
1.1 
"before" 
1.2 
"after" 
1.1 
"before" 
1.2 
"after" 
1.1 
"before" 
1.2 
"after" 
1.1 
"before" 
1.2 
"after" 
1.1 
"before" 
1.2 
"after" 
1.1 
"before" 
1.2 
"after" 
1.1 
"before" 
1.2 
"after" 
1.1 
"before" 
1.2 
"after" 
1.1 
"before" 
1.2 
"after" 
1.1 
"before" 
1.2 
"after" 
1.1 
"before" 
1.2 
"after" 
1.1 
"before" 
1.2 
"after" 
1.1 
"before" 
1.2 
"after" 
1.1 
"before" 
1.2 
"after" 
1.1 
"before" 
1.2 
"after" 
1.1 
"before" 
1.2 
"after" 
1.1 
"before" 
1.2 
"after" 
1.1 
"before" 
1.2 
"after" 
1.1 
"before" 
1.2 
"after" 
1.1 
"before" 
1.2 
"after" 
1.1 
"before" 
1.2 
"after" 
1.1 
"before" 
1.2 
"after" 
1.1 
"before" 
1.2 
"after" 
1.1 
"before" 
1.2 
"after" 
1.1 
"before" 
1.2 
"after" 
1.1 
"before" 
1.2 
"after" 
1.1 
"before" 
1.2 
"after" 
1.1 
"before" 
1.2 
"after" 
1.1 
"before" 
1.2 
"after" 
1.1 
"before" 
1.2 
"after" 
1.1 
"before" 
1.2 
"after" 
1.1 
"before" 
1.2 
"after" 
1.1 
"before" 
1.1 
"after" 
1.0 
"before" 
1.2 
"after" 
1.1 
"before" 
1.2 
"after" 
1.1 
"before" 
1.2 
"after" 
1.1 
"before" 
1.2 
"after" 
1.1 
"before" 
1.2 
"after" 
1.1 
"before" 
1.2 
"after" 
1.1 
"before" 
1.2 
"after" 
1.1 
"before" 
1.2 
"after" 
1.1 
"before" 
1.2 
"after" 
1.1 
"before" 
1.2 
"after" 
1.1 
"before" 
1.2 
"after" 
1.1 
"before" 
1.2 
"after" 
1.1 
"before" 
1.2 
"after" 
1.1 
"before" 
1.2 
"after" 
1.1 
"before" 
1.2 
"after" 
1.1 
"before" 
1.2 
"after" 
1.1 
"before" 
1.2 
"after" 
1.1 
"before" 
1.2 
"after" 
1.1 
"before" 
1.2 
"after" 
1.1 
"before" 
1.2 
"after" 
1.1 
"before" 
1.2 
"after" 
1.1 
"before" 
1.2 
"after" 
1.1 
"before" 
1.2 
"after" 
1.1 
"before" 
1.2 
"after" 
1.1 
"before" 
1.2 
"after" 
1.1 
"before" 
1.2 
"after" 
1.1 
"before" 
1.2 
"after" 
1.1 
"before" 
1.2 
"after" 
1.1 
"before" 
1.2 
"after" 
1.1 
"before" 
1.2 
"after" 
1.1 
"before" 
1.2 
"after" 
1.1 
"before" 
1.2 
"after" 
1.1 
"before" 
1.2 
"after" 
1.1 
"before" 
1.2 
"after" 
1.1 
"before" 
1.2 
"after" 
1.1 
"before" 
1.2 
"after" 
1.1 
"before" 
1.2 
"after" 
1.1 
"before" 
1.2 
"after" 
1.1 
"before" 
1.2 
"after" 
1.1 
"before" 
1.2 
"after" 
1.1 
"before" 
1.2 
"after" 
1.1 
"before" 
1.2 
"after" 
1.1 
"before" 
1.2 
"after" 
1.1 
"before" 
1.2 
"after" 
1.1 
"before" 
1.2 
"after" 
1.1 
"before" 
1.2 
"after" 
1.1 
"before" 
1.2 
"after" 
1.1 
"before" 
1.2 
"after" 
1.1 
"before" 
1.2 
"after" 
1.1 
"before" 
1.2 
"after" 
1.1 
"before" 
1.2 
"after" 
1.1 
"before" 
1.2 
"after" 
1.1 
"before" 
1.2 
"after" 
1.1 
"before" 
1.2 
"after" 
1.1 
"before" 
1.2 
"after" 
1.1 
"before" 
1.2 
"after" 
1.1 
"before" 
1.2 
"after" 
1.1 
"before" 
1.2 
"after" 
1.1 
"before" 
1.2 
"after" 
1.1 
"before" 
1.1 
"after" 
1.0 
"before" 
1.2 
"after" 
1.1 
"before" 
1.2 
"after" 
1.1 
"before" 
1.2 
"after" 
1.1 
"before" 
1.2 
"after" 
1.1 
"before" 
1.2 
"after" 
1.1 
"before" 
1.2 
"after" 
1.1 
"before" 
1.2 
"after" 
1.1 
"before" 
1.2 
"after" 
1.1 
"before" 
1.2 
"after" 
1.1 
"before" 
1.2 
"after" 
1.1 
"before" 
1.2 
"after" 
1.1 
"before" 
1.2 
"after" 
1.1 
"before" 
1.2 
"after" 
1.1 
"before" 
1.2 
"after" 
1.1 
"before" 
1.2 
"after" 
1.1 
"before" 
1.2 
"after" 
1.1 
"before" 
1.2 
"after" 
1.1 
"before" 
1.2 
"after" 
1.1 
"before" 
1.2 
"after" 
1.1 
"before" 
1.2 
"after" 
1.1 
"before" 
1.2 
"after" 
1.1 
"before" 
1.2 
"after" 
1.1 
"before" 
1.2 
"after" 
1.1 
"before" 
1.2 
"after" 
1.1 
"before" 
1.2 
"after" 
1.1 
"before" 
1.2 
"after" 
1.1 
"before" 
1.2 
"after" 
1.1 
"before" 
1.2 
"after" 
1.1 
"before" 
1.2 
"after" 
1.1 
"before" 
1.2 
"after" 
1.1 
"before" 
1.2 
"after" 
1.1 
"before" 
1.2 
"after" 
1.1 
"before" 
1.2 
"after" 
1.1 
"before" 
1.2 
"after" 
1.1 
"before" 
1.2 
"after" 
1.1 
"before" 
1.2 
"after" 
1.1 
"before" 
1.2 
"after" 
1.1 
"before" 
1.2 
"after" 
1.1 
"before" 
1.2 
"after" 
1.1 
"before" 
1.2 
"after" 
1.1 
"before" 
1.2 
"after" 
1.1 
"before" 
1.2 
"after" 
1.1 
"before" 
1.2 
"after" 
1.1 
"before" 
1.2 
"after" 
1.1 
"before" 
1.2 
"after" 
1.1 
"before" 
1.2 
"after" 
1.1 
"before" 
1.2 
"after" 
1.1 
"before" 
1.2 
"after" 
1.1 
"before" 
1.2 
"after" 
1.1 
"before" 
1.2 
"after" 
1.1 
"before" 
1.2 
"after" 
1.1 
"before" 
1.2 
"after" 
1.1 
"before" 
1.2 
"after" 
1.1 
"before" 
1.2 
"after" 
1.1 
"before" 
1.2 
"after" 
1.1 
"before" 
1.2 
"after" 
1.1 
"before" 
1.2 
"after" 
1.1 
"before" 
1.2 
"after" 
1.1 
"before" 
1.2 
"after" 
1.1 
"before" 
1.1 
"after" 
1.0 
"before" 
1.2 
"after" 
1.1 
"before" 
1.2 
"after" 
1.1 
"before" 
1.2 
"after" 
1.1 
"before" 
1.2 
"after" 
1.1 
"before" 
1.2 
"after" 
1.1 
"before" 
1.2 
"after" 
1.1 
"before" 
1.2 
"after" 
1.1 
"before" 
1.2 
"after" 
1.1 
"before" 
1.2 
"after" 
1.1 
"before" 
1.2 
"after" 
1.1 
"before" 
1.2 
"after" 
1.1 
"before" 
1.2 
"after" 
1.1 
"before" 
1.2 
"after" 
1.1 
"before" 
1.2 
"after" 
1.1 
"before" 
1.2 
"after" 
1.1 
"before" 
1.2 
"after" 
1.1 
"before" 
1.2 
"after" 
1.1 
"before" 
1.2 
"after" 
1.1 
"before" 
1.2 
"after" 
1.1 
"before" 
1.2 
"after" 
1.1 
"before" 
1.2 
"after" 
1.1 
"before" 
1.2 
"after" 
1.1 
"before" 
1.2 
"after" 
1.1 
"before" 
1.2 
"after" 
1.1 
"before" 
1.2 
"after" 
1.1 
"before" 
1.2 
"after" 
1.1 
"before" 
1.2 
"after" 
1.1 
"before" 
1.2 
"after" 
1.1 
"before" 
1.2 
"after" 
1.1 
"before" 
1.2 
"after" 
1.1 
"before" 
1.2 
"after" 
1.1 
"before" 
1.2 
"after" 
1.1 
"before" 
1.2 
"after" 
1.1 
"before" 
1.2 
"after" 
1.1 
"before" 
1.2 
"after" 
1.1 
"before" 
1.2 
"after" 
1.1 
"before" 
1.2 
"after" 
1.1 
"before" 
1.2 
"after" 
1.1 
"before" 
1.2 
"after" 
1.1 
"before" 
1.2 
"after" 
1.1 
"before" 
1.2 
"after" 
1.1 
"before" 
1.2 
"after" 
1.1 
"before" 
1.2 
"after" 
1.1 
"before" 
1.2 
"after" 
1.1 
"before" 
1.2 
"after" 
1.1 
"before" 
1.2 
"after" 
1.1 
"before" 
1.2 
"after" 
1.1 
"before" 
1.2 
"after" 
1.1 
"before" 
1.2 
"after" 
1.1 
"before" 
1.2 
"after" 
1.1 
"before" 
1.2 
"after" 
1.1 
"before" 
1.2 
"after" 
1.1 
"before" 
1.2 
"after" 
1.1 
"before" 
1.2 
"after" 
1.1 
"before" 
1.2 
"after" 
1.1 
"before" 
1.2 
"after" 
1.1 
"before" 
1.2 
"after" 
1.1 
"before" 
1.2 
"after" 
1.1 
"before" 
1.2 
"after" 
1.1 
"before" 
1.1 
"after" 
1.0 
"before" 
1.2 
"after" 
1.1 
"before" 
1.2 
"after" 
1.1 
"before" 
1.2 
"after" 
1.1 
"before" 
1.2 
"after" 
1.1 
"before" 
1.2 
"after" 
1.1 
"before" 
1.2 
"after" 
1.1 
"before" 
1.2 
"after" 
1.1 
"before" 
1.2 
"after" 
1.1 
"before" 
1.2 
"after" 
1.1 
"before" 
1.2 
"after" 
1.1 
"before" 
1.2 
"after" 
1.1 
"before" 
1.2 
"after" 
1.1 
"before" 
1.2 
"after" 
1.1 
"before" 
1.2 
"after" 
1.1 
"before" 
1.2 
"after" 
1.1 
"before" 
1.2 
"after" 
1.1 
"before" 
1.2 
"after" 
1.1 
"before" 
1.2 
"after" 
1.1 
"before" 
1.2 
"after" 
1.1 
"before" 
1.2 
"after" 
1.1 
"before" 
1.2 
"after" 
1.1 
"before" 
1.2 
"after" 
1.1 
"before" 
1.2 
"after" 
1.1 
"before" 
1.2 
"after" 
1.1 
"before" 
1.2 
"after" 
1.1 
"before" 
1.2 
"after" 
1.1 
"before" 
1.2 
"after" 
1.1 
"before" 
1.2 
"after" 
1.1 
"before" 
1.2 
"after" 
1.1 
"before" 
1.2 
"after" 
1.1 
"before" 
1.2 
"after" 
1.1 
"before" 
1.2 
"after" 
1.1 
"before" 
1.2 
"after" 
1.1 
"before" 
1.2 
"after" 
1.1 
"before" 
1.2 
"after" 
1.1 
"before" 
1.2 
"after" 
1.1 
"before" 
1.2 
"after" 
1.1 
"before" 
1.2 
"after" 
1.1 
"before" 
1.2 
"after" 
1.1 
"before" 
1.2 
"after" 
1.1 
"before" 
1.2 
"after" 
1.1 
"before" 
1.2 
"after" 
1.1 
"before" 
1.2 
"after" 
1.1 
"before" 
1.2 
"after" 
1.1 
"before" 
1.2 
"after" 
1.1 
"before" 
1.2 
"after" 
1.1 
"before" 
1.2 
"after" 
1.1 
"before" 
1.2 
"after" 
1.1 
"before" 
1.2 
"after" 
1.1 
"before" 
1.2 
"after" 
1.1 
"before" 
1.2 
"after" 
1.1 
"before" 
1.2 
"after" 
1.1 
"before" 
1.2 
"after" 
1.1 
"before" 
1.2 
"after" 
1.1 
"before" 
1.2 
"after" 
1.1 
"before" 
1.2 
"after" 
1.1 
"before" 
1.2 
"after" 
1.1 
"before" 
1.2 
"after" 
1.1 
"before" 
1.2 
"after" 
1.1 
"before" 
1.1 
"after" 
1.0 
"before" 
1.2 
"after" 
1.1 
"before" 
1.2 
"after" 
1.1 
"before" 
1.2 
"after" 
1.1 
"before" 
1.2 
"after" 
1.1 
"before" 
1.2 
"after" 
1.1 
"before" 
1.2 
"after" 
1.1 
"before" 
1.2 
"after" 
1.1 
"before" 
1.2 
"after" 
1.1 
"before" 
1.2 
"after" 
1.1 
"before" 
1.2 
"after" 
1.1 
"before" 
1.2 
"after" 
1.1 
"before" 
1.2 
"after" 
1.1 
"before" 
1.2 
"after" 
1.1 
"before" 
1.2 
"after" 
1.1 
"before" 
1.2 
"after" 
1.1 
"before" 
1.2 
"after" 
1.1 
"before" 
1.2 
"after" 
1.1 
"before" 
1.2 
"after" 
1.1 
"before" 
1.2 
"after" 
1.1 
"before" 
1.2 
"after" 
1.1 
"before" 
1.2 
"after" 
1.1 
"before" 
1.2 
"after" 
1.1 
"before" 
1.2 
"after" 
1.1 
"before" 
1.2 
"after" 
1.1 
"before" 
1.2 
"after" 
1.1 
"before" 
1.2 
"after" 
1.1 
"before" 
1.2 
"after" 
1.1 
"before" 
1.2 
"after" 
1.1 
"before" 
1.2 
"after" 
1.1 
"before" 
1.2 
"after" 
1.1 
"before" 
1.2 
"after" 
1.1 
"before" 
1.2 
"after" 
1.1 
"before" 
1.2 
"after" 
1.1 
"before" 
1.2 
"after" 
1.1 
"before" 
1.2 
"after" 
1.1 
"before" 
1.2 
"after" 
1.1 
"before" 
1.2 
"after" 
1.1 
"before" 
1.2 
"after" 
1.1 
"before" 
1.2 
"after" 
1.1 
"before" 
1.2 
"after" 
1.1 
"before" 
1.2 
"after" 
1.1 
"before" 
1.2 
"after" 
1.1 
"before" 
1.2 
"after" 
1.1 
"before" 
1.2 
"after" 
1.1 
"before" 
1.2 
"after" 
1.1 
"before" 
1.2 
"after" 
1.1 
"before" 
1.2 
"after" 
1.1 
"before" 
1.2 
"after" 
1.1 
"before" 
1.2 
"after" 
1.1 
"before" 
1.2 
"after" 
1.1 
"before" 
1.2 
"after" 
1.1 
"before" 
1.2 
"after" 
1.1 
"before" 
1.2 
"after" 
1.1 
"before" 
1.2 
"after" 
1.1 
"before" 
1.2 
"after" 
1.1 
"before" 
1.2 
"after" 
1.1 
"before" 
1.2 
"after" 
1.1 
"before" 
1.2 
"after" 
1.1 
"before" 
1.2 
"after" 
1.1 
"before" 
1.1 
"after" 
1.0 
"before" 
1.2 
"after" 
1.1 
"before" 
1.2 
"after" 
1.1 
"before" 
1.2 
"after" 
1.1 
"before" 
1.2 
"after" 
1.1 
"before" 
1.2 
"after" 
1.1 
"before" 
1.2 
"after" 
1.1 
"before" 
1.2 
"after" 
1.1 
"before" 
1.2 
"after" 
1.1 
"before" 
1.2 
"after" 
1.1 
"before" 
1.2 
"after" 
1.1 
"before" 
1.2 
"after" 
1.1 
"before" 
1.2 
"after" 
1.1 
"before" 
1.2 
"after" 
1.1 
"before" 
1.2 
"after" 
1.1 
"before" 
1.2 
"after" 
1.1 
"before" 
1.2 
"after" 
1.1 
"before" 
1.2 
"after" 
1.1 
"before" 
1.2 
"after" 
1.1 
"before" 
1.2 
"after" 
1.1 
"before" 
1.2 
"after" 
1.1 
"before" 
1.2 
"after" 
1.1 
"before" 
1.2 
"after" 
1.1 
"before" 
1.2 
"after" 
1.1 
"before" 
1.2 
"after" 
1.1 
"before" 
1.2 
"after" 
1.1 
"before" 
1.2 
"after" 
1.1 
"before" 
1.2 
"after" 
1.1 
"before" 
1.2 
"after" 
1.1 
"before" 
1.2 
"after" 
1.1 
"before" 
1.2 
"after" 
1.1 
"before" 
1.2 
"after" 
1.1 
"before" 
1.2 
"after" 
1.1 
"before" 
1.2 
"after" 
1.1 
"before" 
1.2 
"after" 
1.1 
"before" 
1.2 
"after" 
1.1 
"before" 
1.2 
"after" 
1.1 
"before" 
1.2 
"after" 
1.1 
"before" 
1.2 
"after" 
1.1 
"before" 
1.2 
"after" 
1.1 
"before" 
1.2 
"after" 
1.1 
"before" 
1.2 
"after" 
1.1 
"before" 
1.2 
"after" 
1.1 
"before" 
1.2 
"after" 
1.1 
"before" 
1.2 
"after" 
1.1 
"before" 
1.2 
"after" 
1.1 
"before" 
1.2 
"after" 
1.1 
"before" 
1.2 
"after" 
1.1 
"before" 
1.2 
"after" 
1.1 
"before" 
1.2 
"after" 
1.1 
"before" 
1.2 
"after" 
1.1 
"before" 
1.2 
"after" 
1.1 
"before" 
1.2 
"after" 
1.1 
"before" 
1.2 
"after" 
1.1 
"before" 
1.2 
"after" 
1.1 
"before" 
1.2 
"after" 
1.1 
"before" 
1.2 
"after" 
1.1 
"before" 
1.2 
"after" 
1.1 
"before" 
1.2 
"after" 
1.1 
"before" 
1.2 
"after" 
1.1 
"before" 
1.1 
"after" 
1.0 
"before" 
1.2 
"after" 
1.1 
"before" 
1.2 
"after" 
1.1 
"before" 
1.2 
"after" 
1.1 
"before" 
1.2 
"after" 
1.1 
"before" 
1.2 
"after" 
1.1 
"before" 
1.2 
"after" 
1.1 
"before" 
1.2 
"after" 
1.1 
"before" 
1.2 
"after" 
1.1 
"before" 
1.2 
"after" 
1.1 
"before" 
1.2 
"after" 
1.1 
"before" 
1.2 
"after" 
1.1 
"before" 
1.2 
"after" 
1.1 
"before" 
1.2 
"after" 
1.1 
"before" 
1.2 
"after" 
1.1 
"before" 
1.2 
"after" 
1.1 
"before" 
1.2 
"after" 
1.1 
"before" 
1.2 
"after" 
1.1 
"before" 
1.2 
"after" 
1.1 
"before" 
1.2 
"after" 
1.1 
"before" 
1.2 
"after" 
1.1 
"before" 
1.2 
"after" 
1.1 
"before" 
1.2 
"after" 
1.1 
"before" 
1.2 
"after" 
1.1 
"before" 
1.2 
"after" 
1.1 
"before" 
1.2 
"after" 
1.1 
"before" 
1.2 
"after" 
1.1 
"before" 
1.2 
"after" 
1.1 
"before" 
1.2 
"after" 
1.1 
"before" 
1.2 
"after" 
1.1 
"before" 
1.2 
"after" 
1.1 
"before" 
1.2 
"after" 
1.1 
"before" 
1.2 
"after" 
1.1 
"before" 
1.2 
"after" 
1.1 
"before" 
1.2 
"after" 
1.1 
"before" 
1.2 
"after" 
1.1 
"before" 
1.2 
"after" 
1.1 
"before" 
1.2 
"after" 
1.1 
"before" 
1.2 
"after" 
1.1 
"before" 
1.2 
"after" 
1.1 
"before" 
1.2 
"after" 
1.1 
"before" 
1.2 
"after" 
1.1 
"before" 
1.2 
"after" 
1.1 
"before" 
1.2 
"after" 
1.1 
"before" 
1.2 
"after" 
1.1 
"before" 
1.2 
"after" 
1.1 
"before" 
1.2 
"after" 
1.1 
"before" 
1.2 
"after" 
1.1 
"before" 
1.2 
"after" 
1.1 
"before" 
1.2 
"after" 
1.1 
"before" 
1.2 
"after" 
1.1 
"before" 
1.2 
"after" 
1.1 
"before" 
1.2 
"after" 
1.1 
"before" 
1.2 
"after" 
1.1 
"before" 
1.2 
"after" 
1.1 
"before" 
1.2 
"after" 
1.1 
"before" 
1.2 
"after" 
1.1 
"before" 
1.2 
"after" 
1.1 
"before" 
1.2 
"after" 
1.1 
"before" 
1.2 
"after" 
1.1 
"before" 
1.1 
"after" 
1.0 
"before" 
1.2 
"after" 
1.1 
"before" 
1.2 
"after" 
1.1 
"before" 
1.2 
"after" 
1.1 
"before" 
1.2 
"after" 
1.1 
"before" 
1.2 
"after" 
1.1 
"before" 
1.2 
"after" 
1.1 
"before" 
1.2 
"after" 
1.1 
"before" 
1.2 
"after" 
1.1 
"before" 
1.2 
"after" 
1.1 
"before" 
1.2 
"after" 
1.1 
"before" 
1.2 
"after" 
1.1 
"before" 
1.2 
"after" 
1.1 
"before" 
1.2 
"after" 
1.1 
"before" 
1.2 
"after" 
1.1 
"before" 
1.2 
"after" 
1.1 
"before" 
1.2 
"after" 
1.1 
"before" 
1.2 
"after" 
1.1 
"before" 
1.2 
"after" 
1.1 
"before" 
1.2 
"after" 
1.1 
"before" 
1.2 
"after" 
1.1 
"before" 
1.2 
"after" 
1.1 
"before" 
1.2 
"after" 
1.1 
"before" 
1.2 
"after" 
1.1 
"before" 
1.2 
"after" 
1.1 
"before" 
1.2 
"after" 
1.1 
"before" 
1.2 
"after" 
1.1 
"before" 
1.2 
"after" 
1.1 
"before" 
1.2 
"after" 
1.1 
"before" 
1.2 
"after" 
1.1 
"before" 
1.2 
"after" 
1.1 
"before" 
1.2 
"after" 
1.1 
"before" 
1.2 
"after" 
1.1 
"before" 
1.2 
"after" 
1.1 
"before" 
1.2 
"after" 
1.1 
"before" 
1.2 
"after" 
1.1 
"before" 
1.2 
"after" 
1.1 
"before" 
1.2 
"after" 
1.1 
"before" 
1.2 
"after" 
1.1 
"before" 
1.2 
"after" 
1.1 
"before" 
1.2 
"after" 
1.1 
"before" 
1.2 
"after" 
1.1 
"before" 
1.2 
"after" 
1.1 
"before" 
1.2 
"after" 
1.1 
"before" 
1.2 
"after" 
1.1 
"before" 
1.2 
"after" 
1.1 
"before" 
1.2 
"after" 
1.1 
"before" 
1.2 
"after" 
1.1 
"before" 
1.2 
"after" 
1.1 
"before" 
1.2 
"after" 
1.1 
"before" 
1.2 
"after" 
1.1 
"before" 
1.2 
"after" 
1.1 
"before" 
1.2 
"after" 
1.1 
"before" 
1.2 
"after" 
1.1 
"before" 
1.2 
"after" 
1.1 
"before" 
1.2 
"after" 
1.1 
"before" 
1.2 
"after" 
1.1 
"before" 
1.2 
"after" 
1.1 
"before" 
1.2 
"after" 
1.1 
"before" 
1.2 
"after" 
1.1 
"before" 
1.1 
"after" 
1.0 
"before" 
1.2 
"after" 
1.1 
"before" 
1.2 
"after" 
1.1 
"before" 
1.2 
"after" 
1.1 
"before" 
1.2 
"after" 
1.1 
"before" 
1.2 
"after" 
1.1 
"before" 
1.2 
"after" 
1.1 
"before" 
1.2 
"after" 
1.1 
"before" 
1.2 
"after" 
1.1 
"before" 
1.2 
"after" 
1.1 
"before" 
1.2 
"after" 
1.1 
"before" 
1.2 
"after" 
1.1 
"before" 
1.2 
"after" 
1.1 
"before" 
1.2 
"after" 
1.1 
"before" 
1.2 
"after" 
1.1 
"before" 
1.2 
"after" 
1.1 
"before" 
1.2 
"after" 
1.1 
"before" 
1.2 
"after" 
1.1 
"before" 
1.2 
"after" 
1.1 
"before" 
1.2 
"after" 
1.1 
"before" 
1.2 
"after" 
1.1 
"before" 
1.2 
"after" 
1.1 
"before" 
1.2 
"after" 
1.1 
"before" 
1.2 
"after" 
1.1 
"before" 
1.2 
"after" 
1.1 
"before" 
1.2 
"after" 
1.1 
"before" 
1.2 
"after" 
1.1 
"before" 
1.2 
"after" 
1.1 
"before" 
1.2 
"after" 
1.1 
"before" 
1.2 
"after" 
1.1 
"before" 
1.2 
"after" 
1.1 
"before" 
1.2 
"after" 
1.1 
"before" 
1.2 
"after" 
1.1 
"before" 
1.2 
"after" 
1.1 
"before" 
1.2 
"after" 
1.1 
"before" 
1.2 
"after" 
1.1 
"before" 
1.2 
"after" 
1.1 
"before" 
1.2 
"after" 
1.1 
"before" 
1.2 
"after" 
1.1 
"before" 
1.2 
"after" 
1.1 
"before" 
1.2 
"after" 
1.1 
"before" 
1.2 
"after" 
1.1 
"before" 
1.2 
"after" 
1.1 
"before" 
1.2 
"after" 
1.1 
"before" 
1.2 
"after" 
1.1 
"before" 
1.2 
"after" 
1.1 
"before" 
1.2 
"after" 
1.1 
"before" 
1.2 
"after" 
1.1 
"before" 
1.2 
"after" 
1.1 
"before" 
1.2 
"after" 
1.1 
"before" 
1.2 
"after" 
1.1 
"before" 
1.2 
"after" 
1.1 
"before" 
1.2 
"after" 
1.1 
"before" 
1.2 
"after" 
1.1 
"before" 
1.2 
"after" 
1.1 
"before" 
1.2 
"after" 
1.1 
"before" 
1.2 
"after" 
1.1 
"before" 
1.2 
"after" 
1.1 
"before" 
1.2 
"after" 
1.1 
"before" 
1.2 
"after" 
1.1 
"before" 
1.1 
"after" 
1.0 
"before" 
1.2 
"after" 
1.1 
"before" 
1.2 
"after" 
1.1 
"before" 
1.2 
"after" 
1.1 
"before" 
1.2 
"after" 
1.1 
"before" 
1.2 
"after" 
1.1 
"before" 
1.2 
"after" 
1.1 
"before" 
1.2 
"after" 
1.1 
"before" 
1.2 
"after" 
1.1 
"before" 
1.2 
"after" 
1.1 
"before" 
1.2 
"after" 
1.1 
"before" 
1.2 
"after" 
1.1 
"before" 
1.2 
"after" 
1.1 
"before" 
1.2 
"after" 
1.1 
"before" 
1.2 
"after" 
1.1 
"before" 
1.2 
"after" 
1.1 
"before" 
1.2 
"after" 
1.1 
"before" 
1.2 
"after" 
1.1 
"before" 
1.2 
"after" 
1.1 
"before" 
1.2 
"after" 
1.1 
"before" 
1.2 
"after" 
1.1 
"before" 
1.2 
"after" 
1.1 
"before" 
1.2 
"after" 
1.1 
"before" 
1.2 
"after" 
1.1 
"before" 
1.2 
"after" 
1.1 
"before" 
1.2 
"after" 
1.1 
"before" 
1.2 
"after" 
1.1 
"before" 
1.2 
"after" 
1.1 
"before" 
1.2 
"after" 
1.1 
"before" 
1.2 
"after" 
1.1 
"before" 
1.2 
"after" 
1.1 
"before" 
1.2 
"after" 
1.1 
"before" 
1.2 
"after" 
1.1 
"before" 
1.2 
"after" 
1.1 
"before" 
1.2 
"after" 
1.1 
"before" 
1.2 
"after" 
1.1 
"before" 
1.2 
"after" 
1.1 
"before" 
1.2 
"after" 
1.1 
"before" 
1.2 
"after" 
1.1 
"before" 
1.2 
"after" 
1.1 
"before" 
1.2 
"after" 
1.1 
"before" 
1.2 
"after" 
1.1 
"before" 
1.2 
"after" 
1.1 
"before" 
1.2 
"after" 
1.1 
"before" 
1.2 
"after" 
1.1 
"before" 
1.2 
"after" 
1.1 
"before" 
1.2 
"after" 
1.1 
"before" 
1.2 
"after" 
1.1 
"before" 
1.2 
"after" 
1.1 
"before" 
1.2 
"after" 
1.1 
"before" 
1.2 
"after" 
1.1 
"before" 
1.2 
"after" 
1.1 
"before" 
1.2 
"after" 
1.1 
"before" 
1.2 
"after" 
1.1 
"before" 
1.2 
"after" 
1.1 
"before" 
1.2 
"after" 
1.1 
"before" 
1.2 
"after" 
1.1 
"before" 
1.2 
"after" 
1.1 
"before" 
1.2 
"after" 
1.1 
"before" 
1.2 
"after" 
1.1 
"before" 
1.1 
"after" 
1.0 
"before" 
1.2 
"after" 
1.1 
"before" 
1.2 
"after" 
1.1 
"before" 
1.2 
"after" 
1.1 
"before" 
1.2 
"after" 
1.1 
"before" 
1.2 
"after" 
1.1 
"before" 
1.2 
"after" 
1.1 
"before" 
1.2 
"after" 
1.1 
"before" 
1.2 
"after" 
1.1 
"before" 
1.2 
"after" 
1.1 
"before" 
1.2 
"after" 
1.1 
"before" 
1.2 
"after" 
1.1 
"before" 
1.2 
"after" 
1.1 
"before" 
1.2 
"after" 
1.1 
"before" 
1.2 
"after" 
1.1 
"before" 
1.2 
"after" 
1.1 
"before" 
1.2 
"after" 
1.1 
"before" 
1.2 
"after" 
1.1 
"before" 
1.2 
"after" 
1.1 
"before" 
1.2 
"after" 
1.1 
"before" 
1.2 
"after" 
1.1 
"before" 
1.2 
"after" 
1.1 
"before" 
1.2 
"after" 
1.1 
"before" 
1.2 
"after" 
1.1 
"before" 
1.2 
"after" 
1.1 
"before" 
1.2 
"after" 
1.1 
"before" 
1.2 
"after" 
1.1 
"before" 
1.2 
"after" 
1.1 
"before" 
1.2 
"after" 
1.1 
"before" 
1.2 
"after" 
1.1 
"before" 
1.2 
"after" 
1.1 
"before" 
1.2 
"after" 
1.1 
"before" 
1.2 
"after" 
1.1 
"before" 
1.2 
"after" 
1.1 
"before" 
1.2 
"after" 
1.1 
"before" 
1.2 
"after" 
1.1 
"before" 
1.2 
"after" 
1.1 
"before" 
1.2 
"after" 
1.1 
"before" 
1.2 
"after" 
1.1 
"before" 
1.2 
"after" 
1.1 
"before" 
1.2 
"after" 
1.1 
"before" 
1.2 
"after" 
1.1 
"before" 
1.2 
"after" 
1.1 
"before" 
1.2 
"after" 
1.1 
"before" 
1.2 
"after" 
1.1 
"before" 
1.2 
"after" 
1.1 
"before" 
1.2 
"after" 
1.1 
"before" 
1.2 
"after" 
1.1 
"before" 
1.2 
"after" 
1.1 
"before" 
1.2 
"after" 
1.1 
"before" 
1.2 
"after" 
1.1 
"before" 
1.2 
"after" 
1.1 
"before" 
1.2 
"after" 
1.1 
"before" 
1.2 
"after" 
1.1 
"before" 
1.2 
"after" 
1.1 
"before" 
1.2 
"after" 
1.1 
"before" 
1.2 
"after" 
1.1 
"before" 
1.2 
"after" 
1.1 
"before" 
1.2 
"after" 
1.1 
"before" 
1.2 
"after" 
1.1 
"before" 
1.1 
"after" 
1.0 
"before" 
1.2 
"after" 
1.1 
"before" 
1.2 
"after" 
1.1 
"before" 
1.2 
"after" 
1.1 
"before" 
1.2 
"after" 
1.1 
"before" 
1.2 
"after" 
1.1 
"before" 
1.2 
"after" 
1.1 
"before" 
1.2 
"after" 
1.1 
"before" 
1.2 
"after" 
1.1 
"before" 
1.2 
"after" 
1.1 
"before" 
1.2 
"after" 
1.1 
"before" 
1.2 
"after" 
1.1 
"before" 
1.2 
"after" 
1.1 
"before" 
1.2 
"after" 
1.1 
"before" 
1.2 
"after" 
1.1 
"before" 
1.2 
"after" 
1.1 
"before" 
1.2 
"after" 
1.1 
"before" 
1.2 
"after" 
1.1 
"before" 
1.2 
"after" 
1.1 
"before" 
1.2 
"after" 
1.1 
"before" 
1.2 
"after" 
1.1 
"before" 
1.2 
"after" 
1.1 
"before" 
1.2 
"after" 
1.1 
"before" 
1.2 
"after" 
1.1 
"before" 
1.2 
"after" 
1.1 
"before" 
1.2 
"after" 
1.1 
"before" 
1.2 
"after" 
1.1 
"before" 
1.2 
"after" 
1.1 
"before" 
1.2 
"after" 
1.1 
"before" 
1.2 
"after" 
1.1 
"before" 
1.2 
"after" 
1.1 
"before" 
1.2 
"after" 
1.1 
"before" 
1.2 
"after" 
1.1 
"before" 
1.2 
"after" 
1.1 
"before" 
1.2 
"after" 
1.1 
"before" 
1.2 
"after" 
1.1 
"before" 
1.2 
"after" 
1.1 
"before" 
1.2 
"after" 
1.1 
"before" 
1.2 
"after" 
1.1 
"before" 
1.2 
"after" 
1.1 
"before" 
1.2 
"after" 
1.1 
"before" 
1.2 
"after" 
1.1 
"before" 
1.2 
"after" 
1.1 
"before" 
1.2 
"after" 
1.1 
"before" 
1.2 
"after" 
1.1 
"before" 
1.2 
"after" 
1.1 
"before" 
1.2 
"after" 
1.1 
"before" 
1.2 
"after" 
1.1 
"before" 
1.2 
"after" 
1.1 
"before" 
1.2 
"after" 
1.1 
"before" 
1.2 
"after" 
1.1 
"before" 
1.2 
"after" 
1.1 
"before" 
1.2 
"after" 
1.1 
"before" 
1.2 
"after" 
1.1 
"before" 
1.2 
"after" 
1.1 
"before" 
1.2 
"after" 
1.1 
"before" 
1.2 
"after" 
1.1 
"before" 
1.2 
"after" 
1.1 
"before" 
1.2 
"after" 
1.1 
"before" 
1.2 
"after" 
1.1 
"before" 
1.1 
"after" 
1.0 
"before" 
1.2 
"after" 
1.1 
"before" 
1.2 
"after" 
1.1 
"before" 
1.2 
"after" 
1.1 
"before" 
1.2 
"after" 
1.1 
"before" 
1.2 
"after" 
1.1 
"before" 
1.2 
"after" 
1.1 
"before" 
1.2 
"after" 
1.1 
"before" 
1.2 
"after" 
1.1 
"before" 
1.2 
"after" 
1.1 
"before" 
1.2 
"after" 
1.1 
"before" 
1.2 
"after" 
1.1 
"before" 
1.2 
"after" 
1.1 
"before" 
1.2 
"after" 
1.1 
"before" 
1.2 
"after" 
1.1 
"before" 
1.2 
"after" 
1.1 
"before" 
1.2 
"after" 
1.1 
"before" 
1.2 
"after" 
1.1 
"before" 
1.2 
"after" 
1.1 
"before" 
1.2 
"after" 
1.1 
"before" 
1.2 
"after" 
1.1 
"before" 
1.2 
"after" 
1.1 
"before" 
1.2 
"after" 
1.1 
"before" 
1.2 
"after" 
1.1 
"before" 
1.2 
"after" 
1.1 
"before" 
1.2 
"after" 
1.1 
"before" 
1.2 
"after" 
1.1 
"before" 
1.2 
"after" 
1.1 
"before" 
1.2 
"after" 
1.1 
"before" 
1.2 
"after" 
1.1 
"before" 
1.2 
"after" 
1.1 
"before" 
1.2 
"after" 
1.1 
"before" 
1.2 
"after" 
1.1 
"before" 
1.2 
"after" 
1.1 
"before" 
1.2 
"after" 
1.1 
"before" 
1.2 
"after" 
1.1 
"before" 
1.2 
"after" 
1.1 
"before" 
1.2 
"after" 
1.1 
"before" 
1.2 
"after" 
1.1 
"before" 
1.2 
"after" 
1.1 
"before" 
1.2 
"after" 
1.1 
"before" 
1.2 
"after" 
1.1 
"before" 
1.2 
"after" 
1.1 
"before" 
1.2 
"after" 
1.1 
"before" 
1.2 
"after" 
1.1 
"before" 
1.2 
"after" 
1.1 
"before" 
1.2 
"after" 
1.1 
"before" 
1.2 
"after" 
1.1 
"before" 
1.2 
"after" 
1.1 
"before" 
1.2 
"after" 
1.1 
"before" 
1.2 
"after" 
1.1 
"before" 
1.2 
"after" 
1.1 
"before" 
1.2 
"after" 
1.1 
"before" 
1.2 
"after" 
1.1 
"before" 
1.2 
"after" 
1.1 
"before" 
1.2 
"after" 
1.1 
"before" 
1.2 
"after" 
1.1 
"before" 
1.2 
"after" 
1.1 
"before" 
1.2 
"after" 
1.1 
"before" 
1.2 
"after" 
1.1 
"before" 
1.1 
"after" 
1.0 
"before" 
1.2 
"after" 
1.1 
"before" 
1.2 
"after" 
1.1 
"before" 
1.2 
"after" 
1.1 
"before" 
1.2 
"after" 
1.1 
"before" 
1.2 
"after" 
1.1 
"before" 
1.2 
"after" 
1.1 
"before" 
1.2 
"after" 
1.1 
"before" 
1.2 
"after" 
1.1 
"before" 
1.2 
"after" 
1.1 
"before" 
1.2 
"after" 
1.1 
"before" 
1.2 
"after" 
1.1 
"before" 
1.2 
"after" 
1.1 
"before" 
1.2 
"after" 
1.1 
"before" 
1.2 
"after" 
1.1 
"before" 
1.2 
"after" 
1.1 
"before" 
1.2 
"after" 
1.1 
"before" 
1.2 
"after" 
1.1 
"before" 
1.2 
"after" 
1.1 
"before" 
1.2 
"after" 
1.1 
"before" 
1.2 
"after" 
1.1 
"before" 
1.2 
"after" 
1.1 
"before" 
1.2 
"after" 
1.1 
"before" 
1.2 
"after" 
1.1 
"before" 
1.2 
"after" 
1.1 
"before" 
1.2 
"after" 
1.1 
"before" 
1.2 
"after" 
1.1 
"before" 
1.2 
"after" 
1.1 
"before" 
1.2 
"after" 
1.1 
"before" 
1.2 
"after" 
1.1 
"before" 
1.2 
"after" 
1.1 
"before" 
1.2 
"after" 
1.1 
"before" 
1.2 
"after" 
1.1 
"before" 
1.2 
"after" 
1.1 
"before" 
1.2 
"after" 
1.1 
"before" 
1.2 
"after" 
1.1 
"before" 
1.2 
"after" 
1.1 
"before" 
1.2 
"after" 
1.1 
"before" 
1.2 
"after" 
1.1 
"before" 
1.2 
"after" 
1.1 
"before" 
1.2 
"after" 
1.1 
"before" 
1.2 
"after" 
1.1 
"before" 
1.2 
"after" 
1.1 
"before" 
1.2 
"after" 
1.1 
"before" 
1.2 
"after" 
1.1 
"before" 
1.2 
"after" 
1.1 
"before" 
1.2 
"after" 
1.1 
"before" 
1.2 
"after" 
1.1 
"before" 
1.2 
"after" 
1.1 
"before" 
1.2 
"after" 
1.1 
"before" 
1.2 
"after" 
1.1 
"before" 
1.2 
"after" 
1.1 
"before" 
1.2 
"after" 
1.1 
"before" 
1.2 
"after" 
1.1 
"before" 
1.2 
"after" 
1.1 
"before" 
1.2 
"after" 
1.1 
"before" 
1.2 
"after" 
1.1 
"before" 
1.2 
"after" 
1.1 
"before" 
1.2 
"after" 
1.1 
"before" 
1.2 
"after" 
1.1 
"before" 
1.1 
"after" 
1.0 
"before" 
1.2 
"after" 
1.1 
"before" 
1.2 
"after" 
1.1 
"before" 
1.2 
"after" 
1.1 
"before" 
1.2 
"after" 
1.1 
"before" 
1.2 
"after" 
1.1 
"before" 
1.2 
"after" 
1.1 
"before" 
1.2 
"after" 
1.1 
"before" 
1.2 
"after" 
1.1 
"before" 
1.2 
"after" 
1.1 
"before" 
1.2 
"after" 
1.1 
"before" 
1.2 
"after" 
1.1 
"before" 
1.2 
"after" 
1.1 
"before" 
1.2 
"after" 
1.1 
"before" 
1.2 
"after" 
1.1 
"before" 
1.2 
"after" 
1.1 
"before" 
1.2 
"after" 
1.1 
"before" 
1.2 
"after" 
1.1 
"before" 
1.2 
"after" 
1.1 
"before" 
1.2 
"after" 
1.1 
"before" 
1.2 
"after" 
1.1 
"before" 
1.2 
"after" 
1.1 
"before" 
1.2 
"after" 
1.1 
"before" 
1.2 
"after" 
1.1 
"before" 
1.2 
"after" 
1.1 
"before" 
1.2 
"after" 
1.1 
"before" 
1.2 
"after" 
1.1 
"before" 
1.2 
"after" 
1.1 
"before" 
1.2 
"after" 
1.1 
"before" 
1.2 
"after" 
1.1 
"before" 
1.2 
"after" 
1.1 
"before" 
1.2 
"after" 
1.1 
"before" 
1.2 
"after" 
1.1 
"before" 
1.2 
"after" 
1.1 
"before" 
1.2 
"after" 
1.1 
"before" 
1.2 
"after" 
1.1 
"before" 
1.2 
"after" 
1.1 
"before" 
1.2 
"after" 
1.1 
"before" 
1.2 
"after" 
1.1 
"before" 
1.2 
"after" 
1.1 
"before" 
1.2 
"after" 
1.1 
"before" 
1.2 
"after" 
1.1 
"before" 
1.2 
"after" 
1.1 
"before" 
1.2 
"after" 
1.1 
"before" 
1.2 
"after" 
1.1 
"before" 
1.2 
"after" 
1.1 
"before" 
1.2 
"after" 
1.1 
"before" 
1.2 
"after" 
1.1 
"before" 
1.2 
"after" 
1.1 
"before" 
1.2 
"after" 
1.1 
"before" 
1.2 
"after" 
1.1 
"before" 
1.2 
"after" 
1.1 
"before" 
1.2 
"after" 
1.1 
"before" 
1.2 
"after" 
1.1 
"before" 
1.2 
"after" 
1.1 
"before" 
1.2 
"after" 
1.1 
"before" 
1.2 
"after" 
1.1 
"before" 
1.2 
"after" 
1.1 
"before" 
1.2 
"after" 
1.1 
"before" 
1.2 
"after" 
1.1 
"before" 
1.1 
"after" 
1.0 
"before" 
1.2 
"after" 
1.1 
"before" 
1.2 
"after" 
1.1 
"before" 
1.2 
"after" 
1.1 
"before" 
1.2 
"after" 
1.1 
"before" 
1.2 
"after" 
1.1 
"before" 
1.2 
"after" 
1.1 
"before" 
1.2 
"after" 
1.1 
"before" 
1.2 
"after" 
1.1 
"before" 
1.2 
"after" 
1.1 
"before" 
1.2 
"after" 
1.1 
"before" 
1.2 
"after" 
1.1 
"before" 
1.2 
"after" 
1.1 
"before" 
1.2 
"after" 
1.1 
"before" 
1.2 
"after" 
1.1 
"before" 
1.2 
"after" 
1.1 
"before" 
1.2 
"after" 
1.1 
"before" 
1.2 
"after" 
1.1 
"before" 
1.2 
"after" 
1.1 
"before" 
1.2 
"after" 
1.1 
"before" 
1.2 
"after" 
1.1 
"before" 
1.2 
"after" 
1.1 
"before" 
1.2 
"after" 
1.1 
"before" 
1.2 
"after" 
1.1 
"before" 
1.2 
"after" 
1.1 
"before" 
1.2 
"after" 
1.1 
"before" 
1.2 
"after" 
1.1 
"before" 
1.2 
"after" 
1.1 
"before" 
1.2 
"after" 
1.1 
"before" 
1.2 
"after" 
1.1 
"before" 
1.2 
"after" 
1.1 
"before" 
1.2 
"after" 
1.1 
"before" 
1.2 
"after" 
1.1 
"before" 
1.2 
"after" 
1.1 
"before" 
1.2 
"after" 
1.1 
"before" 
1.2 
"after" 
1.1 
"before" 
1.2 
"after" 
1.1 
"before" 
1.2 
"after" 
1.1 
"before" 
1.2 
"after" 
1.1 
"before" 
1.2 
"after" 
1.1 
"before" 
1.2 
"after" 
1.1 
"before" 
1.2 
"after" 
1.1 
"before" 
1.2 
"after" 
1.1 
"before" 
1.2 
"after" 
1.1 
"before" 
1.2 
"after" 
1.1 
"before" 
1.2 
"after" 
1.1 
"before" 
1.2 
"after" 
1.1 
"before" 
1.2 
"after" 
1.1 
"before" 
1.2 
"after" 
1.1 
"before" 
1.2 
"after" 
1.1 
"before" 
1.2 
"after" 
1.1 
"before" 
1.2 
"after" 
1.1 
"before" 
1.2 
"after" 
1.1 
"before" 
1.2 
"after" 
1.1 
"before" 
1.2 
"after" 
1.1 
"before" 
1.2 
"after" 
1.1 
"before" 
1.2 
"after" 
1.1 
"before" 
1.2 
"after" 
1.1 
"before" 
1.2 
"after" 
1.1 
"before" 
1.2 
"after" 
1.1 
"before" 
1.1 
"after" 
1.0 
"before" 
1.2 
"after" 
1.1 
"before" 
1.2 
"after" 
1.1 
"before" 
1.2 
"after" 
1.1 
"before" 
1.2 
"after" 
1.1 
"before" 
1.2 
"after" 
1.1 
"before" 
1.2 
"after" 
1.1 
"before" 
1.2 
"after" 
1.1 
"before" 
1.2 
"after" 
1.1 
"before" 
1.2 
"after" 
1.1 
"before" 
1.2 
"after" 
1.1 
"before" 
1.2 
"after" 
1.1 
"before" 
1.2 
"after" 
1.1 
"before" 
1.2 
"after" 
1.1 
"before" 
1.2 
"after" 
1.1 
"before" 
1.2 
"after" 
1.1 
"before" 
1.2 
"after" 
1.1 
"before" 
1.2 
"after" 
1.1 
"before" 
1.2 
"after" 
1.1 
"before" 
1.2 
"after" 
1.1 
"before" 
1.2 
"after" 
1.1 
"before" 
1.2 
"after" 
1.1 
"before" 
1.2 
"after" 
1.1 
"before" 
1.2 
"after" 
1.1 
"before" 
1.2 
"after" 
1.1 
"before" 
1.2 
"after" 
1.1 
"before" 
1.2 
"after" 
1.1 
"before" 
1.2 
"after" 
1.1 
"before" 
1.2 
"after" 
1.1 
"before" 
1.2 
"after" 
1.1 
"before" 
1.2 
"after" 
1.1 
"before" 
1.2 
"after" 
1.1 
"before" 
1.2 
"after" 
1.1 
"before" 
1.2 
"after" 
1.1 
"before" 
1.2 
"after" 
1.1 
"before" 
1.2 
"after" 
1.1 
"before" 
1.2 
"after" 
1.1 
"before" 
1.2 
"after" 
1.1 
"before" 
1.2 
"after" 
1.1 
"before" 
1.2 
"after" 
1.1 
"before" 
1.2 
"after" 
1.1 
"before" 
1.2 
"after" 
1.1 
"before" 
1.2 
"after" 
1.1 
"before" 
1.2 
"after" 
1.1 
"before" 
1.2 
"after" 
1.1 
"before" 
1.2 
"after" 
1.1 
"before" 
1.2 
"after" 
1.1 
"before" 
1.2 
"after" 
1.1 
"before" 
1.2 
"after" 
1.1 
"before" 
1.2 
"after" 
1.1 
"before" 
1.2 
"after" 
1.1 
"before" 
1.2 
"after" 
1.1 
"before" 
1.2 
"after" 
1.1 
"before" 
1.2 
"after" 
1.1 
"before" 
1.2 
"after" 
1.1 
"before" 
1.2 
"after" 
1.1 
"before" 
1.2 
"after" 
1.1 
"before" 
1.2 
"after" 
1.1 
"before" 
1.2 
"after" 
1.1 
"before" 
1.2 
"after" 
1.1 
"before" 
1.1 
"after" 
1.0 
"before" 
1.2 
"after" 
1.1 
"before" 
1.2 
"after" 
1.1 
"before" 
1.2 
"after" 
1.1 
"before" 
1.2 
"after" 
1.1 
"before" 
1.2 
"after" 
1.1 
"before" 
1.2 
"after" 
1.1 
"before" 
1.2 
"after" 
1.1 
"before" 
1.2 
"after" 
1.1 
"before" 
1.2 
"after" 
1.1 
"before" 
1.2 
"after" 
1.1 
"before" 
1.2 
"after" 
1.1 
"before" 
1.2 
"after" 
1.1 
"before" 
1.2 
"after" 
1.1 
"before" 
1.2 
"after" 
1.1 
"before" 
1.2 
"after" 
1.1 
"before" 
1.2 
"after" 
1.1 
"before" 
1.2 
"after" 
1.1 
"before" 
1.2 
"after" 
1.1 
"before" 
1.2 
"after" 
1.1 
"before" 
1.2 
"after" 
1.1 
"before" 
1.2 
"after" 
1.1 
"before" 
1.2 
"after" 
1.1 
"before" 
1.2 
"after" 
1.1 
"before" 
1.2 
"after" 
1.1 
"before" 
1.2 
"after" 
1.1 
"before" 
1.2 
"after" 
1.1 
"before" 
1.2 
"after" 
1.1 
"before" 
1.2 
"after" 
1.1 
"before" 
1.2 
"after" 
1.1 
"before" 
1.2 
"after" 
1.1 
"before" 
1.2 
"after" 
1.1 
"before" 
1.2 
"after" 
1.1 
"before" 
1.2 
"after" 
1.1 
"before" 
1.2 
"after" 
1.1 
"before" 
1.2 
"after" 
1.1 
"before" 
1.2 
"after" 
1.1 
"before" 
1.2 
"after" 
1.1 
"before" 
1.2 
"after" 
1.1 
"before" 
1.2 
"after" 
1.1 
"before" 
1.2 
"after" 
1.1 
"before" 
1.2 
"after" 
1.1 
"before" 
1.2 
"after" 
1.1 
"before" 
1.2 
"after" 
1.1 
"before" 
1.2 
"after" 
1.1 
"before" 
1.2 
"after" 
1.1 
"before" 
1.2 
"after" 
1.1 
"before" 
1.2 
"after" 
1.1 
"before" 
1.2 
"after" 
1.1 
"before" 
1.2 
"after" 
1.1 
"before" 
1.2 
"after" 
1.1 
"before" 
1.2 
"after" 
1.1 
"before" 
1.2 
"after" 
1.1 
"before" 
1.2 
"after" 
1.1 
"before" 
1.2 
"after" 
1.1 
"before" 
1.2 
"after" 
1.1 
"before" 
1.2 
"after" 
1.1 
"before" 
1.2 
"after" 
1.1 
"before" 
1.2 
"after" 
1.1 
"before" 
1.2 
"after" 
1.1 
"before" 
1.1 
"after" 
1.0 
"before" 
1.2 
"after" 
1.1 
"before" 
1.2 
"after" 
1.1 
"before" 
1.2 
"after" 
1.1 
"before" 
1.2 
"after" 
1.1 
"before" 
1.2 
"after" 
1.1 
"before" 
1.2 
"after" 
1.1 
"before" 
1.2 
"after" 
1.1 
"before" 
1.2 
"after" 
1.1 
"before" 
1.2 
"after" 
1.1 
"before" 
1.2 
"after" 
1.1 
"before" 
1.2 
"after" 
1.1 
"before" 
1.2 
"after" 
1.1 
"before" 
1.2 
"after" 
1.1 
"before" 
1.2 
"after" 
1.1 
"before" 
1.2 
"after" 
1.1 
"before" 
1.2 
"after" 
1.1 
"before" 
1.2 
"after" 
1.1 
"before" 
1.2 
"after" 
1.1 
"before" 
1.2 
"after" 
1.1 
"before" 
1.2 
"after" 
1.1 
"before" 
1.2 
"after" 
1.1 
"before" 
1.2 
"after" 
1.1 
"before" 
1.2 
"after" 
1.1 
"before" 
1.2 
"after" 
1.1 
"before" 
1.2 
"after" 
1.1 
"before" 
1.2 
"after" 
1.1 
"before" 
1.2 
"after" 
1.1 
"before" 
1.2 
"after" 
1.1 
"before" 
1.2 
"after" 
1.1 
"before" 
1.2 
"after" 
1.1 
"before" 
1.2 
"after" 
1.1 
"before" 
1.2 
"after" 
1.1 
"before" 
1.2 
"after" 
1.1 
"before" 
1.2 
"after" 
1.1 
"before" 
1.2 
"after" 
1.1 
"before" 
1.2 
"after" 
1.1 
"before" 
1.2 
"after" 
1.1 
"before" 
1.2 
"after" 
1.1 
"before" 
1.2 
"after" 
1.1 
"before" 
1.2 
"after" 
1.1 
"before" 
1.2 
"after" 
1.1 
"before" 
1.2 
"after" 
1.1 
"before" 
1.2 
"after" 
1.1 
"before" 
1.2 
"after" 
1.1 
"before" 
1.2 
"after" 
1.1 
"before" 
1.2 
"after" 
1.1 
"before" 
1.2 
"after" 
1.1 
"before" 
1.2 
"after" 
1.1 
"before" 
1.2 
"after" 
1.1 
"before" 
1.2 
"after" 
1.1 
"before" 
1.2 
"after" 
1.1 
"before" 
1.2 
"after" 
1.1 
"before" 
1.2 
"after" 
1.1 
"before" 
1.2 
"after" 
1.1 
"before" 
1.2 
"after" 
1.1 
"before" 
1.2 
"after" 
1.1 
"before" 
1.2 
"after" 
1.1 
"before" 
1.2 
"after" 
1.1 
"before" 
1.2 
"after" 
1.1 
"before" 
1.1 
"after" 
1.0 
"before" 
1.2 
"after" 
1.1 
"before" 
1.2 
"after" 
1.1 
"before" 
1.2 
"after" 
1.1 
"before" 
1.2 
"after" 
1.1 
"before" 
1.2 
"after" 
1.1 
"before" 
1.2 
"after" 
1.1 
"before" 
1.2 
"after" 
1.1 
"before" 
1.2 
"after" 
1.1 
"before" 
1.2 
"after" 
1.1 
"before" 
1.2 
"after" 
1.1 
"before" 
1.2 
"after" 
1.1 
"before" 
1.2 
"after" 
1.1 
"before" 
1.2 
"after" 
1.1 
"before" 
1.2 
"after" 
1.1 
"before" 
1.2 
"after" 
1.1 
"before" 
1.2 
"after" 
1.1 
"before" 
1.2 
"after" 
1.1 
"before" 
1.2 
"after" 
1.1 
"before" 
1.2 
"after" 
1.1 
"before" 
1.2 
"after" 
1.1 
"before" 
1.2 
"after" 
1.1 
"before" 
1.2 
"after" 
1.1 
"before" 
1.2 
"after" 
1.1 
"before" 
1.2 
"after" 
1.1 
"before" 
1.2 
"after" 
1.1 
"before" 
1.2 
"after" 
1.1 
"before" 
1.2 
"after" 
1.1 
"before" 
1.2 
"after" 
1.1 
"before" 
1.2 
"after" 
1.1 
"before" 
1.2 
"after" 
1.1 
"before" 
1.2 
"after" 
1.1 
"before" 
1.2 
"after" 
1.1 
"before" 
1.2 
"after" 
1.1 
"before" 
1.2 
"after" 
1.1 
"before" 
1.2 
"after" 
1.1 
"before" 
1.2 
"after" 
1.1 
"before" 
1.2 
"after" 
1.1 
"before" 
1.2 
"after" 
1.1 
"before" 
1.2 
"after" 
1.1 
"before" 
1.2 
"after" 
1.1 
"before" 
1.2 
"after" 
1.1 
"before" 
1.2 
"after" 
1.1 
"before" 
1.2 
"after" 
1.1 
"before" 
1.2 
"after" 
1.1 
"before" 
1.2 
"after" 
1.1 
"before" 
1.2 
"after" 
1.1 
"before" 
1.2 
"after" 
1.1 
"before" 
1.2 
"after" 
1.1 
"before" 
1.2 
"after" 
1.1 
"before" 
1.2 
"after" 
1.1 
"before" 
1.2 
"after" 
1.1 
"before" 
1.2 
"after" 
1.1 
"before" 
1.2 
"after" 
1.1 
"before" 
1.2 
"after" 
1.1 
"before" 
1.2 
"after" 
1.1 
"before" 
1.2 
"after" 
1.1 
"before" 
1.2 
"after" 
1.1 
"before" 
1.2 
"after" 
1.1 
"before" 
1.2 
"after" 
1.1 
"before" 
1.1 
"after" 
1.0 
"before" 
1.2 
"after" 
1.1 
"before" 
1.2 
"after" 
1.1 
"before" 
1.2 
"after" 
1.1 
"before" 
1.2 
"after" 
1.1 
"before" 
1.2 
"after" 
1.1 
"before" 
1.2 
"after" 
1.1 
"before" 
1.2 
"after" 
1.1 
"before" 
1.2 
"after" 
1.1 
"before" 
1.2 
"after" 
1.1 
"before" 
1.2 
"after" 
1.1 
"before" 
1.2 
"after" 
1.1 
"before" 
1.2 
"after" 
1.1 
"before" 
1.2 
"after" 
1.1 
"before" 
1.2 
"after" 
1.1 
"before" 
1.2 
"after" 
1.1 
"before" 
1.2 
"after" 
1.1 
"before" 
1.2 
"after" 
1.1 
"before" 
1.2 
"after" 
1.1 
"before" 
1.2 
"after" 
1.1 
"before" 
1.2 
"after" 
1.1 
"before" 
1.2 
"after" 
1.1 
"before" 
1.2 
"after" 
1.1 
"before" 
1.2 
"after" 
1.1 
"before" 
1.2 
"after" 
1.1 
"before" 
1.2 
"after" 
1.1 
"before" 
1.2 
"after" 
1.1 
"before" 
1.2 
"after" 
1.1 
"before" 
1.2 
"after" 
1.1 
"before" 
1.2 
"after" 
1.1 
"before" 
1.2 
"after" 
1.1 
"before" 
1.2 
"after" 
1.1 
"before" 
1.2 
"after" 
1.1 
"before" 
1.2 
"after" 
1.1 
"before" 
1.2 
"after" 
1.1 
"before" 
1.2 
"after" 
1.1 
"before" 
1.2 
"after" 
1.1 
"before" 
1.2 
"after" 
1.1 
"before" 
1.2 
"after" 
1.1 
"before" 
1.2 
"after" 
1.1 
"before" 
1.2 
"after" 
1.1 
"before" 
1.2 
"after" 
1.1 
"before" 
1.2 
"after" 
1.1 
"before" 
1.2 
"after" 
1.1 
"before" 
1.2 
"after" 
1.1 
"before" 
1.2 
"after" 
1.1 
"before" 
1.2 
"after" 
1.1 
"before" 
1.2 
"after" 
1.1 
"before" 
1.2 
"after" 
1.1 
"before" 
1.2 
"after" 
1.1 
"before" 
1.2 
"after" 
1.1 
"before" 
1.2 
"after" 
1.1 
"before" 
1.2 
"after" 
1.1 
"before" 
1.2 
"after" 
1.1 
"before" 
1.2 
"after" 
1.1 
"before" 
1.2 
"after" 
1.1 
"before" 
1.2 
"after" 
1.1 
"before" 
1.2 
"after" 
1.1 
"before" 
1.2 
"after" 
1.1 
"before" 
1.2 
"after" 
1.1 
"before" 
1.1 
"after" 
1.0 
"before" 
1.2 
"after" 
1.1 
"before" 
1.2 
"after" 
1.1 
"before" 
1.2 
"after" 
1.1 
"before" 
1.2 
"after" 
1.1 
"before" 
1.2 
"after" 
1.1 
"before" 
1.2 
"after" 
1.1 
"before" 
1.2 
"after" 
1.1 
"before" 
1.2 
"after" 
1.1 
"before" 
1.2 
"after" 
1.1 
"before" 
1.2 
"after" 
1.1 
"before" 
1.2 
"after" 
1.1 
"before" 
1.2 
"after" 
1.1 
"before" 
1.2 
"after" 
1.1 
"before" 
1.2 
"after" 
1.1 
"before" 
1.2 
"after" 
1.1 
"before" 
1.2 
"after" 
1.1 
"before" 
1.2 
"after" 
1.1 
"before" 
1.2 
"after" 
1.1 
"before" 
1.2 
"after" 
1.1 
"before" 
1.2 
"after" 
1.1 
"before" 
1.2 
"after" 
1.1 
"before" 
1.2 
"after" 
1.1 
"before" 
1.2 
"after" 
1.1 
"before" 
1.2 
"after" 
1.1 
"before" 
1.2 
"after" 
1.1 
"before" 
1.2 
"after" 
1.1 
"before" 
1.2 
"after" 
1.1 
"before" 
1.2 
"after" 
1.1 
"before" 
1.2 
"after" 
1.1 
"before" 
1.2 
"after" 
1.1 
"before" 
1.2 
"after" 
1.1 
"before" 
1.2 
"after" 
1.1 
"before" 
1.2 
"after" 
1.1 
"before" 
1.2 
"after" 
1.1 
"before" 
1.2 
"after" 
1.1 
"before" 
1.2 
"after" 
1.1 
"before" 
1.2 
"after" 
1.1 
"before" 
1.2 
"after" 
1.1 
"before" 
1.2 
"after" 
1.1 
"before" 
1.2 
"after" 
1.1 
"before" 
1.2 
"after" 
1.1 
"before" 
1.2 
"after" 
1.1 
"before" 
1.2 
"after" 
1.1 
"before" 
1.2 
"after" 
1.1 
"before" 
1.2 
"after" 
1.1 
"before" 
1.2 
"after" 
1.1 
"before" 
1.2 
"after" 
1.1 
"before" 
1.2 
"after" 
1.1 
"before" 
1.2 
"after" 
1.1 
"before" 
1.2 
"after" 
1.1 
"before" 
1.2 
"after" 
1.1 
"before" 
1.2 
"after" 
1.1 
"before" 
1.2 
"after" 
1.1 
"before" 
1.2 
"after" 
1.1 
"before" 
1.2 
"after" 
1.1 
"before" 
1.2 
"after" 
1.1 
"before" 
1.2 
"after" 
1.1 
"before" 
1.2 
"after" 
1.1 
"before" 
1.2 
"after" 
1.1 
(((#\- 1.1) (#\- 1.2) (#\- 1.2) (#\- 1.2) (#\- 1.2) (#\x 1.2) (#\- 1.2) (#\x 1.2) (#\- 1.2) (#\- 1.2) (#\- 1.2) (#\- 1.2)
  (#\x 1.2) (#\- 1.2) (#\- 1.2) (#\- 1.2) (#\- 1.2) (#\- 1.2) (#\- 1.2) (#\- 1.2) (#\- 1.2) (#\x 1.2) (#\- 1.2) (#\- 1.2)
  (#\- 1.2) (#\- 1.2) (#\x 1.2) (#\- 1.2) (#\- 1.2) (#\- 1.2) (#\- 1.2) (#\x 1.2) (#\- 1.2) (#\- 1.2) (#\- 1.2) (#\- 1.2)
  (#\- 1.2) (#\- 1.2) (#\- 1.2) (#\- 1.2) (#\- 1.2) (#\- 1.2) (#\- 1.2) (#\- 1.2) (#\- 1.2) (#\- 1.2) (#\- 1.2) (#\x 1.2)
  (#\- 1.2) (#\x 1.2) (#\- 1.2) (#\- 1.2) (#\- 1.2) (#\x 1.2) (#\- 1.2) (#\- 1.2) (#\- 1.2) (#\- 1.2) (#\- 1.2) (#\- 1.1))
 ((#\- 1.2) (#\x 1.3000001) (#\- 1.3000001) (#\- 1.3000001) (#\- 1.3000001) (#\x 1.3000001) (#\- 1.3000001) (#\x 1.3000001)
  (#\- 1.3000001) (#\- 1.3000001) (#\- 1.3000001) (#\- 1.3000001) (#\x 1.3000001) (#\- 1.3000001) (#\x 1.3000001)
  (#\- 1.3000001) (#\- 1.3000001) (#\- 1.3000001) (#\- 1.3000001) (#\- 1.3000001) (#\- 1.3000001) (#\x 1.3000001)
  (#\- 1.3000001) (#\- 1.3000001) (#\- 1.3000001) (#\- 1.3000001) (#\x 1.3000001) (#\- 1.3000001) (#\- 1.3000001)
  (#\- 1.3000001) (#\- 1.3000001) (#\x 1.3000001) (#\x 1.3000001) (#\x 1.3000001) (#\x 1.3000001) (#\x 1.3000001)
  (#\x 1.3000001) (#\x 1.3000001) (#\x 1.3000001) (#\x 1.3000001) (#\- 1.3000001) (#\- 1.3000001) (#\x 1.3000001)
  (#\x 1.3000001) (#\x 1.3000001) (#\x 1.3000001) (#\x 1.3000001) (#\x 1.3000001) (#\- 1.3000001) (#\x 1.3000001)
  (#\- 1.3000001) (#\- 1.3000001) (#\- 1.3000001) (#\x 1.3000001) (#\- 1.3000001) (#\- 1.3000001) (#\- 1.3000001)
  (#\- 1.3000001) (#\- 1.3000001) (#\- 1.2))
 ((#\- 1.2) (#\x 1.3000001) (#\- 1.3000001) (#\- 1.3000001) (#\- 1.3000001) (#\x 1.3000001) (#\- 1.3000001) (#\x 1.3000001)
  (#\- 1.3000001) (#\x 1.3000001) (#\- 1.3000001) (#\x 1.3000001) (#\x 1.3000001) (#\- 1.3000001) (#\x 1.3000001)
  (#\x 1.3000001) (#\x 1.3000001) (#\x 1.3000001) (#\x 1.3000001) (#\- 1.3000001) (#\- 1.3000001) (#\x 1.3000001)
  (#\x 1.3000001) (#\- 1.3000001) (#\- 1.3000001) (#\x 1.3000001) (#\x 1.3000001) (#\- 1.3000001) (#\- 1.3000001)
  (#\- 1.3000001) (#\- 1.3000001) (#\x 1.3000001) (#\- 1.3000001) (#\x 1.3000001) (#\- 1.3000001) (#\- 1.3000001)
  (#\x 1.3000001) (#\- 1.3000001) (#\x 1.3000001) (#\- 1.3000001) (#\- 1.3000001) (#\- 1.3000001) (#\- 1.3000001)
  (#\- 1.3000001) (#\- 1.3000001) (#\- 1.3000001) (#\- 1.3000001) (#\x 1.3000001) (#\- 1.3000001) (#\x 1.3000001)
  (#\- 1.3000001) (#\- 1.3000001) (#\- 1.3000001) (#\x 1.3000001) (#\- 1.3000001) (#\x 1.3000001) (#\- 1.3000001)
  (#\x 1.3000001) (#\x 1.3000001) (#\x 1.2))
 ((#\- 1.2) (#\x 1.3000001) (#\- 1.3000001) (#\- 1.3000001) (#\- 1.3000001) (#\x 1.3000001) (#\- 1.3000001) (#\- 1.3000001)
  (#\- 1.3000001) (#\- 1.3000001) (#\- 1.3000001) (#\- 1.3000001) (#\- 1.3000001) (#\- 1.3000001) (#\x 1.3000001)
  (#\- 1.3000001) (#\- 1.3000001) (#\- 1.3000001) (#\- 1.3000001) (#\- 1.3000001) (#\- 1.3000001) (#\x 1.3000001)
  (#\- 1.3000001) (#\- 1.3000001) (#\- 1.3000001) (#\- 1.3000001) (#\x 1.3000001) (#\- 1.3000001) (#\- 1.3000001)
  (#\x 1.3000001) (#\x 1.3000001) (#\x 1.3000001) (#\- 1.3000001) (#\x 1.3000001) (#\- 1.3000001) (#\- 1.3000001)
  (#\- 1.3000001) (#\- 1.3000001) (#\x 1.3000001) (#\- 1.3000001) (#\- 1.3000001) (#\- 1.3000001) (#\- 1.3000001)
  (#\- 1.3000001) (#\- 1.3000001) (#\x 1.3000001) (#\- 1.3000001) (#\x 1.3000001) (#\- 1.3000001) (#\x 1.3000001)
  (#\- 1.3000001) (#\- 1.3000001) (#\- 1.3000001) (#\x 1.3000001) (#\- 1.3000001) (#\x 1.3000001) (#\- 1.3000001)
  (#\x 1.3000001) (#\- 1.3000001) (#\- 1.2))
 ((#\- 1.2) (#\x 1.3000001) (#\- 1.3000001) (#\- 1.3000001) (#\- 1.3000001) (#\- 1.3000001) (#\- 1.3000001) (#\x 1.3000001)
  (#\- 1.3000001) (#\- 1.3000001) (#\- 1.3000001) (#\- 1.3000001) (#\x 1.3000001) (#\- 1.3000001) (#\x 1.3000001)
  (#\x 1.3000001) (#\x 1.3000001) (#\x 1.3000001) (#\- 1.3000001) (#\- 1.3000001) (#\x 1.3000001) (#\x 1.3000001)
  (#\- 1.3000001) (#\- 1.3000001) (#\- 1.3000001) (#\- 1.3000001) (#\x 1.3000001) (#\- 1.3000001) (#\- 1.3000001)
  (#\- 1.3000001) (#\- 1.3000001) (#\x 1.3000001) (#\- 1.3000001) (#\- 1.3000001) (#\- 1.3000001) (#\- 1.3000001)
  (#\x 1.3000001) (#\- 1.3000001) (#\- 1.3000001) (#\x 1.3000001) (#\x 1.3000001) (#\x 1.3000001) (#\- 1.3000001)
  (#\- 1.3000001) (#\x 1.3000001) (#\x 1.3000001) (#\- 1.3000001) (#\x 1.3000001) (#\- 1.3000001) (#\x 1.3000001)
  (#\- 1.3000001) (#\- 1.3000001) (#\- 1.3000001) (#\x 1.3000001) (#\- 1.3000001) (#\- 1.3000001) (#\- 1.3000001)
  (#\x 1.3000001) (#\- 1.3000001) (#\- 1.2))
 ((#\- 1.2) (#\x 1.3000001) (#\- 1.3000001) (#\- 1.3000001) (#\- 1.3000001) (#\x 1.3000001) (#\- 1.3000001) (#\x 1.3000001)
  (#\- 1.3000001) (#\- 1.3000001) (#\x 1.3000001) (#\x 1.3000001) (#\- 1.3000001) (#\- 1.3000001) (#\x 1.3000001)
  (#\- 1.3000001) (#\- 1.3000001) (#\- 1.3000001) (#\- 1.3000001) (#\x 1.3000001) (#\- 1.3000001) (#\- 1.3000001)
  (#\- 1.3000001) (#\- 1.3000001) (#\- 1.3000001) (#\- 1.3000001) (#\x 1.3000001) (#\x 1.3000001) (#\x 1.3000001)
  (#\- 1.3000001) (#\- 1.3000001) (#\x 1.3000001) (#\- 1.3000001) (#\x 1.3000001) (#\- 1.3000001) (#\- 1.3000001)
  (#\x 1.3000001) (#\- 1.3000001) (#\x 1.3000001) (#\- 1.3000001) (#\- 1.3000001) (#\- 1.3000001) (#\- 1.3000001)
  (#\- 1.3000001) (#\- 1.3000001) (#\x 1.3000001) (#\- 1.3000001) (#\x 1.3000001) (#\- 1.3000001) (#\x 1.3000001)
  (#\- 1.3000001) (#\- 1.3000001) (#\- 1.3000001) (#\x 1.3000001) (#\- 1.3000001) (#\x 1.3000001) (#\- 1.3000001)
  (#\- 1.3000001) (#\- 1.3000001) (#\- 1.2))
 ((#\- 1.2) (#\x 1.3000001) (#\- 1.3000001) (#\- 1.3000001) (#\- 1.3000001) (#\- 1.3000001) (#\- 1.3000001) (#\x 1.3000001)
  (#\- 1.3000001) (#\- 1.3000001) (#\- 1.3000001) (#\- 1.3000001) (#\x 1.3000001) (#\- 1.3000001) (#\x 1.3000001)
  (#\- 1.3000001) (#\- 1.3000001) (#\- 1.3000001) (#\- 1.3000001) (#\x 1.3000001) (#\- 1.3000001) (#\x 1.3000001)
  (#\- 1.3000001) (#\- 1.3000001) (#\x 1.3000001) (#\x 1.3000001) (#\x 1.3000001) (#\- 1.3000001) (#\- 1.3000001)
  (#\x 1.3000001) (#\- 1.3000001) (#\x 1.3000001) (#\- 1.3000001) (#\- 1.3000001) (#\- 1.3000001) (#\- 1.3000001)
  (#\- 1.3000001) (#\- 1.3000001) (#\- 1.3000001) (#\- 1.3000001) (#\- 1.3000001) (#\- 1.3000001) (#\- 1.3000001)
  (#\- 1.3000001) (#\- 1.3000001) (#\x 1.3000001) (#\- 1.3000001) (#\x 1.3000001) (#\- 1.3000001) (#\x 1.3000001)
  (#\- 1.3000001) (#\- 1.3000001) (#\- 1.3000001) (#\x 1.3000001) (#\- 1.3000001) (#\- 1.3000001) (#\- 1.3000001)
  (#\- 1.3000001) (#\- 1.3000001) (#\- 1.2))
 ((#\- 1.2) (#\x 1.3000001) (#\- 1.3000001) (#\- 1.3000001) (#\- 1.3000001) (#\x 1.3000001) (#\- 1.3000001) (#\- 1.3000001)
  (#\- 1.3000001) (#\- 1.3000001) (#\- 1.3000001) (#\- 1.3000001) (#\x 1.3000001) (#\- 1.3000001) (#\- 1.3000001)
  (#\- 1.3000001) (#\- 1.3000001) (#\- 1.3000001) (#\- 1.3000001) (#\x 1.3000001) (#\- 1.3000001) (#\x 1.3000001)
  (#\- 1.3000001) (#\- 1.3000001) (#\x 1.3000001) (#\- 1.3000001) (#\x 1.3000001) (#\- 1.3000001) (#\- 1.3000001)
  (#\x 1.3000001) (#\- 1.3000001) (#\x 1.3000001) (#\- 1.3000001) (#\x 1.3000001) (#\- 1.3000001) (#\- 1.3000001)
  (#\x 1.3000001) (#\- 1.3000001) (#\x 1.3000001) (#\- 1.3000001) (#\- 1.3000001) (#\- 1.3000001) (#\- 1.3000001)
  (#\- 1.3000001) (#\- 1.3000001) (#\x 1.3000001) (#\- 1.3000001) (#\x 1.3000001) (#\- 1.3000001) (#\- 1.3000001)
  (#\- 1.3000001) (#\- 1.3000001) (#\- 1.3000001) (#\x 1.3000001) (#\x 1.3000001) (#\x 1.3000001) (#\x 1.3000001)
  (#\- 1.3000001) (#\x 1.3000001) (#\- 1.2))
 ((#\- 1.2) (#\- 1.3000001) (#\- 1.3000001) (#\- 1.3000001) (#\- 1.3000001) (#\x 1.3000001) (#\- 1.3000001) (#\x 1.3000001)
  (#\- 1.3000001) (#\- 1.3000001) (#\- 1.3000001) (#\- 1.3000001) (#\x 1.3000001) (#\- 1.3000001) (#\x 1.3000001)
  (#\- 1.3000001) (#\x 1.3000001) (#\x 1.3000001) (#\- 1.3000001) (#\x 1.3000001) (#\- 1.3000001) (#\x 1.3000001)
  (#\- 1.3000001) (#\- 1.3000001) (#\x 1.3000001) (#\- 1.3000001) (#\x 1.3000001) (#\- 1.3000001) (#\- 1.3000001)
  (#\x 1.3000001) (#\- 1.3000001) (#\x 1.3000001) (#\x 1.3000001) (#\x 1.3000001) (#\x 1.3000001) (#\x 1.3000001)
  (#\x 1.3000001) (#\- 1.3000001) (#\x 1.3000001) (#\x 1.3000001) (#\x 1.3000001) (#\- 1.3000001) (#\x 1.3000001)
  (#\x 1.3000001) (#\x 1.3000001) (#\x 1.3000001) (#\- 1.3000001) (#\x 1.3000001) (#\- 1.3000001) (#\- 1.3000001)
  (#\- 1.3000001) (#\- 1.3000001) (#\- 1.3000001) (#\x 1.3000001) (#\- 1.3000001) (#\- 1.3000001) (#\- 1.3000001)
  (#\- 1.3000001) (#\- 1.3000001) (#\- 1.2))
 ((#\x 1.2) (#\x 1.3000001) (#\x 1.3000001) (#\x 1.3000001) (#\x 1.3000001) (#\x 1.3000001) (#\x 1.3000001) (#\x 1.3000001)
  (#\- 1.3000001) (#\x 1.3000001) (#\x 1.3000001) (#\x 1.3000001) (#\- 1.3000001) (#\x 1.3000001) (#\x 1.3000001)
  (#\- 1.3000001) (#\- 1.3000001) (#\- 1.3000001) (#\- 1.3000001) (#\- 1.3000001) (#\- 1.3000001) (#\x 1.3000001)
  (#\- 1.3000001) (#\- 1.3000001) (#\x 1.3000001) (#\- 1.3000001) (#\- 1.3000001) (#\- 1.3000001) (#\- 1.3000001)
  (#\x 1.3000001) (#\- 1.3000001) (#\x 1.3000001) (#\- 1.3000001) (#\- 1.3000001) (#\- 1.3000001) (#\x 1.3000001)
  (#\- 1.3000001) (#\- 1.3000001) (#\- 1.3000001) (#\- 1.3000001) (#\x 1.3000001) (#\- 1.3000001) (#\- 1.3000001)
  (#\- 1.3000001) (#\- 1.3000001) (#\x 1.3000001) (#\- 1.3000001) (#\x 1.3000001) (#\- 1.3000001) (#\x 1.3000001)
  (#\x 1.3000001) (#\x 1.3000001) (#\- 1.3000001) (#\x 1.3000001) (#\- 1.3000001) (#\x 1.3000001) (#\- 1.3000001)
  (#\x 1.3000001) (#\- 1.3000001) (#\- 1.2))
 ((#\- 1.2) (#\x 1.3000001) (#\- 1.3000001) (#\x 1.3000001) (#\- 1.3000001) (#\- 1.3000001) (#\- 1.3000001) (#\- 1.3000001)
  (#\x 1.3000001) (#\- 1.3000001) (#\- 1.3000001) (#\- 1.3000001) (#\x 1.3000001) (#\- 1.3000001) (#\x 1.3000001)
  (#\x 1.3000001) (#\- 1.3000001) (#\x 1.3000001) (#\- 1.3000001) (#\x 1.3000001) (#\- 1.3000001) (#\x 1.3000001)
  (#\- 1.3000001) (#\- 1.3000001) (#\- 1.3000001) (#\- 1.3000001) (#\- 1.3000001) (#\- 1.3000001) (#\- 1.3000001)
  (#\x 1.3000001) (#\- 1.3000001) (#\- 1.3000001) (#\- 1.3000001) (#\- 1.3000001) (#\- 1.3000001) (#\x 1.3000001)
  (#\x 1.3000001) (#\- 1.3000001) (#\- 1.3000001) (#\x 1.3000001) (#\x 1.3000001) (#\- 1.3000001) (#\- 1.3000001)
  (#\- 1.3000001) (#\- 1.3000001) (#\x 1.3000001) (#\- 1.3000001) (#\- 1.3000001) (#\- 1.3000001) (#\- 1.3000001)
  (#\- 1.3000001) (#\x 1.3000001) (#\- 1.3000001) (#\x 1.3000001) (#\- 1.3000001) (#\- 1.3000001) (#\- 1.3000001)
  (#\x 1.3000001) (#\- 1.3000001) (#\- 1.2))
 ((#\- 1.2) (#\- 1.3000001) (#\- 1.3000001) (#\- 1.3000001) (#\- 1.3000001) (#\- 1.3000001) (#\- 1.3000001) (#\- 1.3000001)
  (#\- 1.3000001) (#\- 1.3000001) (#\- 1.3000001) (#\- 1.3000001) (#\- 1.3000001) (#\- 1.3000001) (#\x 1.3000001)
  (#\- 1.3000001) (#\- 1.3000001) (#\- 1.3000001) (#\- 1.3000001) (#\- 1.3000001) (#\- 1.3000001) (#\x 1.3000001)
  (#\- 1.3000001) (#\- 1.3000001) (#\- 1.3000001) (#\- 1.3000001) (#\x 1.3000001) (#\- 1.3000001) (#\- 1.3000001)
  (#\- 1.3000001) (#\- 1.3000001) (#\x 1.3000001) (#\- 1.3000001) (#\- 1.3000001) (#\- 1.3000001) (#\x 1.3000001)
  (#\- 1.3000001) (#\- 1.3000001) (#\- 1.3000001) (#\- 1.3000001) (#\x 1.3000001) (#\- 1.3000001) (#\- 1.3000001)
  (#\- 1.3000001) (#\- 1.3000001) (#\x 1.3000001) (#\- 1.3000001) (#\x 1.3000001) (#\- 1.3000001) (#\- 1.3000001)
  (#\- 1.3000001) (#\- 1.3000001) (#\- 1.3000001) (#\x 1.3000001) (#\- 1.3000001) (#\x 1.3000001) (#\- 1.3000001)
  (#\- 1.3000001) (#\- 1.3000001) (#\- 1.2))
 ((#\- 1.2) (#\- 1.3000001) (#\- 1.3000001) (#\x 1.3000001) (#\x 1.3000001) (#\- 1.3000001) (#\x 1.3000001) (#\- 1.3000001)
  (#\- 1.3000001) (#\- 1.3000001) (#\- 1.3000001) (#\- 1.3000001) (#\- 1.3000001) (#\- 1.3000001) (#\x 1.3000001)
  (#\- 1.3000001) (#\- 1.3000001) (#\- 1.3000001) (#\- 1.3000001) (#\x 1.3000001) (#\- 1.3000001) (#\- 1.3000001)
  (#\- 1.3000001) (#\- 1.3000001) (#\x 1.3000001) (#\- 1.3000001) (#\x 1.3000001) (#\- 1.3000001) (#\- 1.3000001)
  (#\- 1.3000001) (#\- 1.3000001) (#\x 1.3000001) (#\- 1.3000001) (#\- 1.3000001) (#\- 1.3000001) (#\x 1.3000001)
  (#\- 1.3000001) (#\- 1.3000001) (#\x 1.3000001) (#\- 1.3000001) (#\x 1.3000001) (#\- 1.3000001) (#\- 1.3000001)
  (#\x 1.3000001) (#\x 1.3000001) (#\- 1.3000001) (#\- 1.3000001) (#\x 1.3000001) (#\- 1.3000001) (#\- 1.3000001)
  (#\- 1.3000001) (#\x 1.3000001) (#\- 1.3000001) (#\x 1.3000001) (#\- 1.3000001) (#\x 1.3000001) (#\x 1.3000001)
  (#\- 1.3000001) (#\- 1.3000001) (#\x 1.2))
 ((#\- 1.2) (#\x 1.3000001) (#\- 1.3000001) (#\- 1.3000001) (#\- 1.3000001) (#\- 1.3000001) (#\- 1.3000001) (#\- 1.3000001)
  (#\x 1.3000001) (#\- 1.3000001) (#\- 1.3000001) (#\- 1.3000001) (#\x 1.3000001) (#\- 1.3000001) (#\x 1.3000001)
  (#\- 1.3000001) (#\x 1.3000001) (#\- 1.3000001) (#\x 1.3000001) (#\x 1.3000001) (#\x 1.3000001) (#\x 1.3000001)
  (#\- 1.3000001) (#\x 1.3000001) (#\- 1.3000001) (#\x 1.3000001) (#\x 1.3000001) (#\x 1.3000001) (#\x 1.3000001)
  (#\- 1.3000001) (#\- 1.3000001) (#\- 1.3000001) (#\- 1.3000001) (#\- 1.3000001) (#\- 1.3000001) (#\- 1.3000001)
  (#\- 1.3000001) (#\- 1.3000001) (#\- 1.3000001) (#\- 1.3000001) (#\- 1.3000001) (#\- 1.3000001) (#\- 1.3000001)
  (#\- 1.3000001) (#\- 1.3000001) (#\x 1.3000001) (#\- 1.3000001) (#\x 1.3000001) (#\- 1.3000001) (#\- 1.3000001)
  (#\- 1.3000001) (#\- 1.3000001) (#\- 1.3000001) (#\x 1.3000001) (#\- 1.3000001) (#\x 1.3000001) (#\- 1.3000001)
  (#\- 1.3000001) (#\- 1.3000001) (#\- 1.2))
 ((#\- 1.2) (#\x 1.3000001) (#\- 1.3000001) (#\x 1.3000001) (#\- 1.3000001) (#\- 1.3000001) (#\- 1.3000001) (#\- 1.3000001)
  (#\x 1.3000001) (#\- 1.3000001) (#\- 1.3000001) (#\- 1.3000001) (#\x 1.3000001) (#\- 1.3000001) (#\x 1.3000001)
  (#\- 1.3000001) (#\- 1.3000001) (#\- 1.3000001) (#\- 1.3000001) (#\- 1.3000001) (#\- 1.3000001) (#\x 1.3000001)
  (#\- 1.3000001) (#\- 1.3000001) (#\- 1.3000001) (#\- 1.3000001) (#\x 1.3000001) (#\- 1.3000001) (#\- 1.3000001)
  (#\- 1.3000001) (#\- 1.3000001) (#\x 1.3000001) (#\- 1.3000001) (#\- 1.3000001) (#\- 1.3000001) (#\- 1.3000001)
  (#\- 1.3000001) (#\- 1.3000001) (#\x 1.3000001) (#\- 1.3000001) (#\- 1.3000001) (#\- 1.3000001) (#\- 1.3000001)
  (#\- 1.3000001) (#\- 1.3000001) (#\x 1.3000001) (#\- 1.3000001) (#\- 1.3000001) (#\- 1.3000001) (#\- 1.3000001)
  (#\- 1.3000001) (#\x 1.3000001) (#\- 1.3000001) (#\x 1.3000001) (#\x 1.3000001) (#\x 1.3000001) (#\- 1.3000001)
  (#\x 1.3000001) (#\x 1.3000001) (#\- 1.2))
 ((#\x 1.2) (#\x 1.3000001) (#\x 1.3000001) (#\x 1.3000001) (#\x 1.3000001) (#\x 1.3000001) (#\x 1.3000001) (#\x 1.3000001)
  (#\x 1.3000001) (#\x 1.3000001) (#\x 1.3000001) (#\x 1.3000001) (#\x 1.3000001) (#\x 1.3000001) (#\x 1.3000001)
  (#\x 1.3000001) (#\x 1.3000001) (#\x 1.3000001) (#\x 1.3000001) (#\x 1.3000001) (#\x 1.3000001) (#\x 1.3000001)
  (#\x 1.3000001) (#\x 1.3000001) (#\x 1.3000001) (#\x 1.3000001) (#\x 1.3000001) (#\x 1.3000001) (#\x 1.3000001)
  (#\- 1.3000001) (#\x 1.3000001) (#\x 1.3000001) (#\x 1.3000001) (#\x 1.3000001) (#\x 1.3000001) (#\x 1.3000001)
  (#\x 1.3000001) (#\x 1.3000001) (#\x 1.3000001) (#\x 1.3000001) (#\x 1.3000001) (#\x 1.3000001) (#\x 1.3000001)
  (#\x 1.3000001) (#\x 1.3000001) (#\x 1.3000001) (#\x 1.3000001) (#\x 1.3000001) (#\- 1.3000001) (#\x 1.3000001)
  (#\x 1.3000001) (#\x 1.3000001) (#\x 1.3000001) (#\x 1.3000001) (#\- 1.3000001) (#\- 1.3000001) (#\- 1.3000001)
  (#\- 1.3000001) (#\- 1.3000001) (#\- 1.2))
 ((#\- 1.2) (#\x 1.3000001) (#\- 1.3000001) (#\- 1.3000001) (#\x 1.3000001) (#\- 1.3000001) (#\x 1.3000001) (#\- 1.3000001)
  (#\- 1.3000001) (#\- 1.3000001) (#\x 1.3000001) (#\- 1.3000001) (#\x 1.3000001) (#\- 1.3000001) (#\- 1.3000001)
  (#\- 1.3000001) (#\x 1.3000001) (#\- 1.3000001) (#\- 1.3000001) (#\x 1.3000001) (#\- 1.3000001) (#\- 1.3000001)
  (#\- 1.3000001) (#\- 1.3000001) (#\- 1.3000001) (#\x 1.3000001) (#\- 1.3000001) (#\- 1.3000001) (#\- 1.3000001)
  (#\x 1.3000001) (#\- 1.3000001) (#\- 1.3000001) (#\- 1.3000001) (#\- 1.3000001) (#\x 1.3000001) (#\- 1.3000001)
  (#\- 1.3000001) (#\x 1.3000001) (#\- 1.3000001) (#\- 1.3000001) (#\- 1.3000001) (#\- 1.3000001) (#\- 1.3000001)
  (#\- 1.3000001) (#\- 1.3000001) (#\- 1.3000001) (#\- 1.3000001) (#\- 1.3000001) (#\- 1.3000001) (#\- 1.3000001)
  (#\- 1.3000001) (#\x 1.3000001) (#\- 1.3000001) (#\x 1.3000001) (#\- 1.3000001) (#\- 1.3000001) (#\- 1.3000001)
  (#\- 1.3000001) (#\- 1.3000001) (#\- 1.2))
 ((#\- 1.2) (#\x 1.3000001) (#\- 1.3000001) (#\- 1.3000001) (#\x 1.3000001) (#\- 1.3000001) (#\x 1.3000001) (#\- 1.3000001)
  (#\- 1.3000001) (#\- 1.3000001) (#\x 1.3000001) (#\- 1.3000001) (#\x 1.3000001) (#\- 1.3000001) (#\- 1.3000001)
  (#\- 1.3000001) (#\x 1.3000001) (#\- 1.3000001) (#\- 1.3000001) (#\x 1.3000001) (#\- 1.3000001) (#\- 1.3000001)
  (#\- 1.3000001) (#\- 1.3000001) (#\- 1.3000001) (#\x 1.3000001) (#\- 1.3000001) (#\- 1.3000001) (#\- 1.3000001)
  (#\- 1.3000001) (#\- 1.3000001) (#\x 1.3000001) (#\- 1.3000001) (#\x 1.3000001) (#\x 1.3000001) (#\- 1.3000001)
  (#\- 1.3000001) (#\- 1.3000001) (#\- 1.3000001) (#\- 1.3000001) (#\- 1.3000001) (#\- 1.3000001) (#\- 1.3000001)
  (#\x 1.3000001) (#\- 1.3000001) (#\x 1.3000001) (#\x 1.3000001) (#\x 1.3000001) (#\- 1.3000001) (#\x 1.3000001)
  (#\x 1.3000001) (#\x 1.3000001) (#\- 1.3000001) (#\x 1.3000001) (#\- 1.3000001) (#\x 1.3000001) (#\x 1.3000001)
  (#\- 1.3000001) (#\x 1.3000001) (#\x 1.2))
 ((#\- 1.2) (#\x 1.3000001) (#\- 1.3000001) (#\- 1.3000001) (#\x 1.3000001) (#\- 1.3000001) (#\x 1.3000001) (#\- 1.3000001)
  (#\- 1.3000001) (#\- 1.3000001) (#\x 1.3000001) (#\- 1.3000001) (#\x 1.3000001) (#\- 1.3000001) (#\- 1.3000001)
  (#\- 1.3000001) (#\x 1.3000001) (#\- 1.3000001) (#\- 1.3000001) (#\x 1.3000001) (#\- 1.3000001) (#\x 1.3000001)
  (#\- 1.3000001) (#\x 1.3000001) (#\x 1.3000001) (#\x 1.3000001) (#\- 1.3000001) (#\- 1.3000001) (#\- 1.3000001)
  (#\x 1.3000001) (#\- 1.3000001) (#\- 1.3000001) (#\- 1.3000001) (#\- 1.3000001) (#\- 1.3000001) (#\- 1.3000001)
  (#\- 1.3000001) (#\- 1.3000001) (#\- 1.3000001) (#\- 1.3000001) (#\x 1.3000001) (#\- 1.3000001) (#\- 1.3000001)
  (#\- 1.3000001) (#\- 1.3000001) (#\- 1.3000001) (#\- 1.3000001) (#\- 1.3000001) (#\- 1.3000001) (#\- 1.3000001)
  (#\- 1.3000001) (#\x 1.3000001) (#\- 1.3000001) (#\x 1.3000001) (#\- 1.3000001) (#\- 1.3000001) (#\- 1.3000001)
  (#\- 1.3000001) (#\- 1.3000001) (#\- 1.2))
 ((#\- 1.2) (#\- 1.3000001) (#\- 1.3000001) (#\- 1.3000001) (#\x 1.3000001) (#\- 1.3000001) (#\- 1.3000001) (#\- 1.3000001)
  (#\- 1.3000001) (#\- 1.3000001) (#\x 1.3000001) (#\- 1.3000001) (#\x 1.3000001) (#\- 1.3000001) (#\- 1.3000001)
  (#\- 1.3000001) (#\x 1.3000001) (#\- 1.3000001) (#\- 1.3000001) (#\x 1.3000001) (#\- 1.3000001) (#\x 1.3000001)
  (#\- 1.3000001) (#\- 1.3000001) (#\- 1.3000001) (#\- 1.3000001) (#\- 1.3000001) (#\- 1.3000001) (#\- 1.3000001)
  (#\- 1.3000001) (#\- 1.3000001) (#\- 1.3000001) (#\- 1.3000001) (#\- 1.3000001) (#\- 1.3000001) (#\- 1.3000001)
  (#\- 1.3000001) (#\x 1.3000001) (#\- 1.3000001) (#\- 1.3000001) (#\x 1.3000001) (#\- 1.3000001) (#\- 1.3000001)
  (#\x 1.3000001) (#\- 1.3000001) (#\- 1.3000001) (#\- 1.3000001) (#\- 1.3000001) (#\- 1.3000001) (#\- 1.3000001)
  (#\- 1.3000001) (#\x 1.3000001) (#\- 1.3000001) (#\x 1.3000001) (#\- 1.3000001) (#\- 1.3000001) (#\- 1.3000001)
  (#\- 1.3000001) (#\- 1.3000001) (#\- 1.2))
 ((#\- 1.2) (#\- 1.3000001) (#\- 1.3000001) (#\- 1.3000001) (#\x 1.3000001) (#\- 1.3000001) (#\x 1.3000001) (#\- 1.3000001)
  (#\- 1.3000001) (#\- 1.3000001) (#\x 1.3000001) (#\- 1.3000001) (#\x 1.3000001) (#\- 1.3000001) (#\- 1.3000001)
  (#\- 1.3000001) (#\- 1.3000001) (#\- 1.3000001) (#\- 1.3000001) (#\x 1.3000001) (#\- 1.3000001) (#\x 1.3000001)
  (#\- 1.3000001) (#\- 1.3000001) (#\- 1.3000001) (#\x 1.3000001) (#\- 1.3000001) (#\x 1.3000001) (#\x 1.3000001)
  (#\x 1.3000001) (#\x 1.3000001) (#\x 1.3000001) (#\x 1.3000001) (#\- 1.3000001) (#\x 1.3000001) (#\x 1.3000001)
  (#\x 1.3000001) (#\x 1.3000001) (#\x 1.3000001) (#\x 1.3000001) (#\x 1.3000001) (#\x 1.3000001) (#\x 1.3000001)
  (#\x 1.3000001) (#\x 1.3000001) (#\x 1.3000001) (#\x 1.3000001) (#\x 1.3000001) (#\x 1.3000001) (#\x 1.3000001)
  (#\x 1.3000001) (#\- 1.3000001) (#\- 1.3000001) (#\x 1.3000001) (#\- 1.3000001) (#\- 1.3000001) (#\- 1.3000001)
  (#\- 1.3000001) (#\- 1.3000001) (#\- 1.2))
 ((#\- 1.2) (#\x 1.3000001) (#\- 1.3000001) (#\- 1.3000001) (#\x 1.3000001) (#\- 1.3000001) (#\- 1.3000001) (#\- 1.3000001)
  (#\- 1.3000001) (#\- 1.3000001) (#\x 1.3000001) (#\- 1.3000001) (#\x 1.3000001) (#\- 1.3000001) (#\- 1.3000001)
  (#\- 1.3000001) (#\- 1.3000001) (#\- 1.3000001) (#\- 1.3000001) (#\- 1.3000001) (#\- 1.3000001) (#\x 1.3000001)
  (#\- 1.3000001) (#\- 1.3000001) (#\- 1.3000001) (#\x 1.3000001) (#\- 1.3000001) (#\x 1.3000001) (#\- 1.3000001)
  (#\- 1.3000001) (#\- 1.3000001) (#\- 1.3000001) (#\- 1.3000001) (#\- 1.3000001) (#\- 1.3000001) (#\- 1.3000001)
  (#\- 1.3000001) (#\- 1.3000001) (#\x 1.3000001) (#\- 1.3000001) (#\- 1.3000001) (#\- 1.3000001) (#\x 1.3000001)
  (#\- 1.3000001) (#\- 1.3000001) (#\x 1.3000001) (#\- 1.3000001) (#\x 1.3000001) (#\- 1.3000001) (#\- 1.3000001)
  (#\- 1.3000001) (#\x 1.3000001) (#\- 1.3000001) (#\x 1.3000001) (#\x 1.3000001) (#\x 1.3000001) (#\- 1.3000001)
  (#\x 1.3000001) (#\- 1.3000001) (#\x 1.2))
 ((#\- 1.2) (#\x 1.3000001) (#\- 1.3000001) (#\- 1.3000001) (#\x 1.3000001) (#\- 1.3000001) (#\x 1.3000001) (#\- 1.3000001)
  (#\- 1.3000001) (#\- 1.3000001) (#\x 1.3000001) (#\- 1.3000001) (#\x 1.3000001) (#\- 1.3000001) (#\- 1.3000001)
  (#\- 1.3000001) (#\x 1.3000001) (#\- 1.3000001) (#\- 1.3000001) (#\x 1.3000001) (#\- 1.3000001) (#\x 1.3000001)
  (#\- 1.3000001) (#\- 1.3000001) (#\- 1.3000001) (#\- 1.3000001) (#\- 1.3000001) (#\- 1.3000001) (#\x 1.3000001)
  (#\x 1.3000001) (#\x 1.3000001) (#\x 1.3000001) (#\x 1.3000001) (#\- 1.3000001) (#\x 1.3000001) (#\x 1.3000001)
  (#\- 1.3000001) (#\x 1.3000001) (#\x 1.3000001) (#\- 1.3000001) (#\- 1.3000001) (#\- 1.3000001) (#\x 1.3000001)
  (#\- 1.3000001) (#\- 1.3000001) (#\x 1.3000001) (#\- 1.3000001) (#\- 1.3000001) (#\- 1.3000001) (#\- 1.3000001)
  (#\- 1.3000001) (#\- 1.3000001) (#\- 1.3000001) (#\x 1.3000001) (#\- 1.3000001) (#\x 1.3000001) (#\- 1.3000001)
  (#\- 1.3000001) (#\- 1.3000001) (#\- 1.2))
 ((#\- 1.2) (#\x 1.3000001) (#\x 1.3000001) (#\- 1.3000001) (#\x 1.3000001) (#\x 1.3000001) (#\x 1.3000001) (#\x 1.3000001)
  (#\- 1.3000001) (#\- 1.3000001) (#\x 1.3000001) (#\- 1.3000001) (#\x 1.3000001) (#\- 1.3000001) (#\- 1.3000001)
  (#\- 1.3000001) (#\x 1.3000001) (#\- 1.3000001) (#\- 1.3000001) (#\x 1.3000001) (#\- 1.3000001) (#\x 1.3000001)
  (#\- 1.3000001) (#\- 1.3000001) (#\- 1.3000001) (#\x 1.3000001) (#\- 1.3000001) (#\x 1.3000001) (#\- 1.3000001)
  (#\- 1.3000001) (#\- 1.3000001) (#\- 1.3000001) (#\- 1.3000001) (#\- 1.3000001) (#\- 1.3000001) (#\- 1.3000001)
  (#\x 1.3000001) (#\- 1.3000001) (#\x 1.3000001) (#\- 1.3000001) (#\- 1.3000001) (#\- 1.3000001) (#\- 1.3000001)
  (#\- 1.3000001) (#\- 1.3000001) (#\- 1.3000001) (#\- 1.3000001) (#\x 1.3000001) (#\- 1.3000001) (#\- 1.3000001)
  (#\- 1.3000001) (#\x 1.3000001) (#\- 1.3000001) (#\x 1.3000001) (#\- 1.3000001) (#\- 1.3000001) (#\- 1.3000001)
  (#\x 1.3000001) (#\- 1.3000001) (#\x 1.2))
 ((#\- 1.2) (#\- 1.3000001) (#\- 1.3000001) (#\- 1.3000001) (#\x 1.3000001) (#\- 1.3000001) (#\- 1.3000001) (#\- 1.3000001)
  (#\- 1.3000001) (#\- 1.3000001) (#\x 1.3000001) (#\- 1.3000001) (#\x 1.3000001) (#\- 1.3000001) (#\- 1.3000001)
  (#\- 1.3000001) (#\x 1.3000001) (#\- 1.3000001) (#\- 1.3000001) (#\x 1.3000001) (#\- 1.3000001) (#\x 1.3000001)
  (#\- 1.3000001) (#\- 1.3000001) (#\- 1.3000001) (#\x 1.3000001) (#\- 1.3000001) (#\x 1.3000001) (#\- 1.3000001)
  (#\- 1.3000001) (#\- 1.3000001) (#\x 1.3000001) (#\- 1.3000001) (#\- 1.3000001) (#\x 1.3000001) (#\x 1.3000001)
  (#\x 1.3000001) (#\- 1.3000001) (#\- 1.3000001) (#\- 1.3000001) (#\- 1.3000001) (#\- 1.3000001) (#\x 1.3000001)
  (#\- 1.3000001) (#\- 1.3000001) (#\x 1.3000001) (#\- 1.3000001) (#\x 1.3000001) (#\- 1.3000001) (#\- 1.3000001)
  (#\- 1.3000001) (#\x 1.3000001) (#\- 1.3000001) (#\x 1.3000001) (#\- 1.3000001) (#\x 1.3000001) (#\- 1.3000001)
  (#\- 1.3000001) (#\- 1.3000001) (#\- 1.2))
 ((#\- 1.2) (#\- 1.3000001) (#\x 1.3000001) (#\- 1.3000001) (#\x 1.3000001) (#\- 1.3000001) (#\- 1.3000001) (#\- 1.3000001)
  (#\- 1.3000001) (#\- 1.3000001) (#\- 1.3000001) (#\- 1.3000001) (#\x 1.3000001) (#\- 1.3000001) (#\- 1.3000001)
  (#\- 1.3000001) (#\x 1.3000001) (#\- 1.3000001) (#\- 1.3000001) (#\- 1.3000001) (#\- 1.3000001) (#\- 1.3000001)
  (#\- 1.3000001) (#\- 1.3000001) (#\- 1.3000001) (#\x 1.3000001) (#\- 1.3000001) (#\x 1.3000001) (#\- 1.3000001)
  (#\- 1.3000001) (#\x 1.3000001) (#\- 1.3000001) (#\- 1.3000001) (#\- 1.3000001) (#\- 1.3000001) (#\- 1.3000001)
  (#\x 1.3000001) (#\- 1.3000001) (#\x 1.3000001) (#\- 1.3000001) (#\- 1.3000001) (#\- 1.3000001) (#\x 1.3000001)
  (#\- 1.3000001) (#\- 1.3000001) (#\- 1.3000001) (#\- 1.3000001) (#\x 1.3000001) (#\- 1.3000001) (#\- 1.3000001)
  (#\- 1.3000001) (#\x 1.3000001) (#\- 1.3000001) (#\x 1.3000001) (#\- 1.3000001) (#\- 1.3000001) (#\- 1.3000001)
  (#\- 1.3000001) (#\- 1.3000001) (#\- 1.2))
 ((#\- 1.2) (#\- 1.3000001) (#\x 1.3000001) (#\- 1.3000001) (#\x 1.3000001) (#\x 1.3000001) (#\x 1.3000001) (#\- 1.3000001)
  (#\x 1.3000001) (#\- 1.3000001) (#\x 1.3000001) (#\- 1.3000001) (#\x 1.3000001) (#\- 1.3000001) (#\- 1.3000001)
  (#\- 1.3000001) (#\x 1.3000001) (#\- 1.3000001) (#\- 1.3000001) (#\x 1.3000001) (#\- 1.3000001) (#\- 1.3000001)
  (#\- 1.3000001) (#\- 1.3000001) (#\- 1.3000001) (#\x 1.3000001) (#\- 1.3000001) (#\x 1.3000001) (#\- 1.3000001)
  (#\- 1.3000001) (#\x 1.3000001) (#\- 1.3000001) (#\- 1.3000001) (#\- 1.3000001) (#\- 1.3000001) (#\- 1.3000001)
  (#\- 1.3000001) (#\- 1.3000001) (#\x 1.3000001) (#\- 1.3000001) (#\- 1.3000001) (#\- 1.3000001) (#\x 1.3000001)
  (#\- 1.3000001) (#\- 1.3000001) (#\x 1.3000001) (#\x 1.3000001) (#\- 1.3000001) (#\- 1.3000001) (#\- 1.3000001)
  (#\- 1.3000001) (#\x 1.3000001) (#\- 1.3000001) (#\x 1.3000001) (#\- 1.3000001) (#\x 1.3000001) (#\x 1.3000001)
  (#\x 1.3000001) (#\- 1.3000001) (#\x 1.2))
 ((#\- 1.2) (#\- 1.3000001) (#\x 1.3000001) (#\- 1.3000001) (#\x 1.3000001) (#\- 1.3000001) (#\- 1.3000001) (#\- 1.3000001)
  (#\- 1.3000001) (#\- 1.3000001) (#\x 1.3000001) (#\- 1.3000001) (#\x 1.3000001) (#\- 1.3000001) (#\x 1.3000001)
  (#\x 1.3000001) (#\x 1.3000001) (#\x 1.3000001) (#\x 1.3000001) (#\x 1.3000001) (#\x 1.3000001) (#\- 1.3000001)
  (#\x 1.3000001) (#\x 1.3000001) (#\x 1.3000001) (#\x 1.3000001) (#\- 1.3000001) (#\x 1.3000001) (#\x 1.3000001)
  (#\x 1.3000001) (#\- 1.3000001) (#\x 1.3000001) (#\x 1.3000001) (#\x 1.3000001) (#\- 1.3000001) (#\x 1.3000001)
  (#\x 1.3000001) (#\- 1.3000001) (#\x 1.3000001) (#\- 1.3000001) (#\- 1.3000001) (#\- 1.3000001) (#\x 1.3000001)
  (#\- 1.3000001) (#\x 1.3000001) (#\- 1.3000001) (#\- 1.3000001) (#\x 1.3000001) (#\- 1.3000001) (#\- 1.3000001)
  (#\- 1.3000001) (#\x 1.3000001) (#\- 1.3000001) (#\x 1.3000001) (#\- 1.3000001) (#\- 1.3000001) (#\- 1.3000001)
  (#\- 1.3000001) (#\- 1.3000001) (#\- 1.2))
 ((#\- 1.2) (#\- 1.3000001) (#\x 1.3000001) (#\- 1.3000001) (#\x 1.3000001) (#\- 1.3000001) (#\- 1.3000001) (#\- 1.3000001)
  (#\- 1.3000001) (#\- 1.3000001) (#\x 1.3000001) (#\- 1.3000001) (#\x 1.3000001) (#\- 1.3000001) (#\- 1.3000001)
  (#\- 1.3000001) (#\- 1.3000001) (#\- 1.3000001) (#\- 1.3000001) (#\- 1.3000001) (#\- 1.3000001) (#\- 1.3000001)
  (#\- 1.3000001) (#\- 1.3000001) (#\- 1.3000001) (#\x 1.3000001) (#\- 1.3000001) (#\- 1.3000001) (#\- 1.3000001)
  (#\- 1.3000001) (#\- 1.3000001) (#\- 1.3000001) (#\- 1.3000001) (#\- 1.3000001) (#\- 1.3000001) (#\- 1.3000001)
  (#\x 1.3000001) (#\- 1.3000001) (#\x 1.3000001) (#\- 1.3000001) (#\- 1.3000001) (#\- 1.3000001) (#\x 1.3000001)
  (#\- 1.3000001) (#\- 1.3000001) (#\- 1.3000001) (#\- 1.3000001) (#\x 1.3000001) (#\- 1.3000001) (#\- 1.3000001)
  (#\- 1.3000001) (#\x 1.3000001) (#\- 1.3000001) (#\x 1.3000001) (#\x 1.3000001) (#\x 1.3000001) (#\x 1.3000001)
  (#\x 1.3000001) (#\- 1.3000001) (#\- 1.2))
 ((#\- 1.2) (#\- 1.3000001) (#\- 1.3000001) (#\- 1.3000001) (#\x 1.3000001) (#\x 1.3000001) (#\- 1.3000001) (#\x 1.3000001)
  (#\- 1.3000001) (#\x 1.3000001) (#\x 1.3000001) (#\- 1.3000001) (#\x 1.3000001) (#\x 1.3000001) (#\- 1.3000001)
  (#\x 1.3000001) (#\x 1.3000001) (#\x 1.3000001) (#\x 1.3000001) (#\x 1.3000001) (#\x 1.3000001) (#\- 1.3000001)
  (#\x 1.3000001) (#\x 1.3000001) (#\x 1.3000001) (#\x 1.3000001) (#\- 1.3000001) (#\x 1.3000001) (#\- 1.3000001)
  (#\- 1.3000001) (#\x 1.3000001) (#\x 1.3000001) (#\x 1.3000001) (#\x 1.3000001) (#\- 1.3000001) (#\- 1.3000001)
  (#\x 1.3000001) (#\- 1.3000001) (#\- 1.3000001) (#\- 1.3000001) (#\- 1.3000001) (#\- 1.3000001) (#\x 1.3000001)
  (#\- 1.3000001) (#\x 1.3000001) (#\- 1.3000001) (#\- 1.3000001) (#\x 1.3000001) (#\- 1.3000001) (#\- 1.3000001)
  (#\- 1.3000001) (#\x 1.3000001) (#\- 1.3000001) (#\- 1.3000001) (#\- 1.3000001) (#\- 1.3000001) (#\- 1.3000001)
  (#\- 1.3000001) (#\- 1.3000001) (#\- 1.2))
 ((#\x 1.2) (#\x 1.3000001) (#\- 1.3000001) (#\- 1.3000001) (#\x 1.3000001) (#\- 1.3000001) (#\- 1.3000001) (#\- 1.3000001)
  (#\- 1.3000001) (#\- 1.3000001) (#\x 1.3000001) (#\- 1.3000001) (#\x 1.3000001) (#\- 1.3000001) (#\- 1.3000001)
  (#\- 1.3000001) (#\- 1.3000001) (#\- 1.3000001) (#\- 1.3000001) (#\- 1.3000001) (#\- 1.3000001) (#\- 1.3000001)
  (#\- 1.3000001) (#\- 1.3000001) (#\- 1.3000001) (#\x 1.3000001) (#\- 1.3000001) (#\x 1.3000001) (#\- 1.3000001)
  (#\- 1.3000001) (#\- 1.3000001) (#\- 1.3000001) (#\- 1.3000001) (#\- 1.3000001) (#\- 1.3000001) (#\- 1.3000001)
  (#\x 1.3000001) (#\- 1.3000001) (#\x 1.3000001) (#\- 1.3000001) (#\- 1.3000001) (#\- 1.3000001) (#\- 1.3000001)
  (#\- 1.3000001) (#\- 1.3000001) (#\- 1.3000001) (#\- 1.3000001) (#\x 1.3000001) (#\- 1.3000001) (#\- 1.3000001)
  (#\- 1.3000001) (#\x 1.3000001) (#\- 1.3000001) (#\x 1.3000001) (#\- 1.3000001) (#\- 1.3000001) (#\- 1.3000001)
  (#\- 1.3000001) (#\- 1.3000001) (#\- 1.2))
 ((#\- 1.2) (#\- 1.3000001) (#\- 1.3000001) (#\- 1.3000001) (#\x 1.3000001) (#\- 1.3000001) (#\- 1.3000001) (#\- 1.3000001)
  (#\- 1.3000001) (#\- 1.3000001) (#\x 1.3000001) (#\- 1.3000001) (#\x 1.3000001) (#\x 1.3000001) (#\x 1.3000001)
  (#\x 1.3000001) (#\x 1.3000001) (#\- 1.3000001) (#\x 1.3000001) (#\x 1.3000001) (#\x 1.3000001) (#\- 1.3000001)
  (#\x 1.3000001) (#\x 1.3000001) (#\x 1.3000001) (#\x 1.3000001) (#\- 1.3000001) (#\x 1.3000001) (#\- 1.3000001)
  (#\- 1.3000001) (#\- 1.3000001) (#\- 1.3000001) (#\- 1.3000001) (#\x 1.3000001) (#\- 1.3000001) (#\- 1.3000001)
  (#\- 1.3000001) (#\- 1.3000001) (#\x 1.3000001) (#\- 1.3000001) (#\- 1.3000001) (#\- 1.3000001) (#\x 1.3000001)
  (#\- 1.3000001) (#\x 1.3000001) (#\- 1.3000001) (#\- 1.3000001) (#\x 1.3000001) (#\- 1.3000001) (#\- 1.3000001)
  (#\- 1.3000001) (#\x 1.3000001) (#\- 1.3000001) (#\x 1.3000001) (#\- 1.3000001) (#\- 1.3000001) (#\- 1.3000001)
  (#\- 1.3000001) (#\- 1.3000001) (#\- 1.2))
 ((#\x 1.2) (#\- 1.3000001) (#\x 1.3000001) (#\- 1.3000001) (#\x 1.3000001) (#\- 1.3000001) (#\- 1.3000001) (#\- 1.3000001)
  (#\- 1.3000001) (#\- 1.3000001) (#\x 1.3000001) (#\- 1.3000001) (#\x 1.3000001) (#\- 1.3000001) (#\- 1.3000001)
  (#\- 1.3000001) (#\x 1.3000001) (#\- 1.3000001) (#\- 1.3000001) (#\x 1.3000001) (#\- 1.3000001) (#\- 1.3000001)
  (#\- 1.3000001) (#\- 1.3000001) (#\- 1.3000001) (#\x 1.3000001) (#\x 1.3000001) (#\x 1.3000001) (#\x 1.3000001)
  (#\- 1.3000001) (#\x 1.3000001) (#\x 1.3000001) (#\x 1.3000001) (#\x 1.3000001) (#\x 1.3000001) (#\x 1.3000001)
  (#\x 1.3000001) (#\x 1.3000001) (#\x 1.3000001) (#\x 1.3000001) (#\x 1.3000001) (#\- 1.3000001) (#\x 1.3000001)
  (#\x 1.3000001) (#\x 1.3000001) (#\x 1.3000001) (#\x 1.3000001) (#\x 1.3000001) (#\x 1.3000001) (#\x 1.3000001)
  (#\x 1.3000001) (#\x 1.3000001) (#\- 1.3000001) (#\x 1.3000001) (#\x 1.3000001) (#\- 1.3000001) (#\x 1.3000001)
  (#\- 1.3000001) (#\x 1.3000001) (#\x 1.2))
 ((#\- 1.2) (#\- 1.3000001) (#\- 1.3000001) (#\- 1.3000001) (#\x 1.3000001) (#\x 1.3000001) (#\x 1.3000001) (#\x 1.3000001)
  (#\- 1.3000001) (#\- 1.3000001) (#\x 1.3000001) (#\- 1.3000001) (#\- 1.3000001) (#\- 1.3000001) (#\- 1.3000001)
  (#\- 1.3000001) (#\- 1.3000001) (#\- 1.3000001) (#\- 1.3000001) (#\x 1.3000001) (#\x 1.3000001) (#\- 1.3000001)
  (#\x 1.3000001) (#\- 1.3000001) (#\x 1.3000001) (#\x 1.3000001) (#\- 1.3000001) (#\- 1.3000001) (#\x 1.3000001)
  (#\- 1.3000001) (#\x 1.3000001) (#\- 1.3000001) (#\- 1.3000001) (#\- 1.3000001) (#\- 1.3000001) (#\- 1.3000001)
  (#\- 1.3000001) (#\- 1.3000001) (#\- 1.3000001) (#\- 1.3000001) (#\- 1.3000001) (#\- 1.3000001) (#\- 1.3000001)
  (#\- 1.3000001) (#\- 1.3000001) (#\- 1.3000001) (#\- 1.3000001) (#\- 1.3000001) (#\- 1.3000001) (#\x 1.3000001)
  (#\- 1.3000001) (#\x 1.3000001) (#\- 1.3000001) (#\x 1.3000001) (#\- 1.3000001) (#\- 1.3000001) (#\- 1.3000001)
  (#\- 1.3000001) (#\x 1.3000001) (#\- 1.2))
 ((#\- 1.2) (#\- 1.3000001) (#\- 1.3000001) (#\- 1.3000001) (#\x 1.3000001) (#\- 1.3000001) (#\- 1.3000001) (#\- 1.3000001)
  (#\- 1.3000001) (#\- 1.3000001) (#\x 1.3000001) (#\- 1.3000001) (#\x 1.3000001) (#\- 1.3000001) (#\- 1.3000001)
  (#\- 1.3000001) (#\x 1.3000001) (#\- 1.3000001) (#\- 1.3000001) (#\x 1.3000001) (#\- 1.3000001) (#\- 1.3000001)
  (#\- 1.3000001) (#\x 1.3000001) (#\- 1.3000001) (#\x 1.3000001) (#\- 1.3000001) (#\- 1.3000001) (#\x 1.3000001)
  (#\- 1.3000001) (#\x 1.3000001) (#\- 1.3000001) (#\- 1.3000001) (#\- 1.3000001) (#\- 1.3000001) (#\- 1.3000001)
  (#\- 1.3000001) (#\- 1.3000001) (#\x 1.3000001) (#\- 1.3000001) (#\- 1.3000001) (#\- 1.3000001) (#\x 1.3000001)
  (#\- 1.3000001) (#\- 1.3000001) (#\- 1.3000001) (#\- 1.3000001) (#\- 1.3000001) (#\- 1.3000001) (#\x 1.3000001)
  (#\- 1.3000001) (#\x 1.3000001) (#\- 1.3000001) (#\x 1.3000001) (#\- 1.3000001) (#\- 1.3000001) (#\- 1.3000001)
  (#\- 1.3000001) (#\x 1.3000001) (#\- 1.2))
 ((#\- 1.2) (#\x 1.3000001) (#\x 1.3000001) (#\- 1.3000001) (#\- 1.3000001) (#\- 1.3000001) (#\- 1.3000001) (#\- 1.3000001)
  (#\- 1.3000001) (#\- 1.3000001) (#\x 1.3000001) (#\- 1.3000001) (#\x 1.3000001) (#\- 1.3000001) (#\- 1.3000001)
  (#\- 1.3000001) (#\- 1.3000001) (#\- 1.3000001) (#\- 1.3000001) (#\- 1.3000001) (#\- 1.3000001) (#\- 1.3000001)
  (#\- 1.3000001) (#\- 1.3000001) (#\- 1.3000001) (#\x 1.3000001) (#\- 1.3000001) (#\- 1.3000001) (#\x 1.3000001)
  (#\- 1.3000001) (#\- 1.3000001) (#\- 1.3000001) (#\x 1.3000001) (#\x 1.3000001) (#\x 1.3000001) (#\x 1.3000001)
  (#\x 1.3000001) (#\- 1.3000001) (#\- 1.3000001) (#\- 1.3000001) (#\- 1.3000001) (#\- 1.3000001) (#\x 1.3000001)
  (#\- 1.3000001) (#\x 1.3000001) (#\- 1.3000001) (#\x 1.3000001) (#\x 1.3000001) (#\x 1.3000001) (#\- 1.3000001)
  (#\- 1.3000001) (#\x 1.3000001) (#\- 1.3000001) (#\x 1.3000001) (#\- 1.3000001) (#\- 1.3000001) (#\x 1.3000001)
  (#\x 1.3000001) (#\x 1.3000001) (#\- 1.2))
 ((#\- 1.2) (#\- 1.3000001) (#\- 1.3000001) (#\- 1.3000001) (#\x 1.3000001) (#\- 1.3000001) (#\- 1.3000001) (#\x 1.3000001)
  (#\- 1.3000001) (#\- 1.3000001) (#\x 1.3000001) (#\- 1.3000001) (#\x 1.3000001) (#\- 1.3000001) (#\- 1.3000001)
  (#\- 1.3000001) (#\x 1.3000001) (#\- 1.3000001) (#\- 1.3000001) (#\- 1.3000001) (#\- 1.3000001) (#\- 1.3000001)
  (#\- 1.3000001) (#\x 1.3000001) (#\- 1.3000001) (#\x 1.3000001) (#\- 1.3000001) (#\- 1.3000001) (#\- 1.3000001)
  (#\- 1.3000001) (#\- 1.3000001) (#\- 1.3000001) (#\- 1.3000001) (#\- 1.3000001) (#\- 1.3000001) (#\- 1.3000001)
  (#\- 1.3000001) (#\- 1.3000001) (#\x 1.3000001) (#\- 1.3000001) (#\- 1.3000001) (#\- 1.3000001) (#\- 1.3000001)
  (#\- 1.3000001) (#\- 1.3000001) (#\- 1.3000001) (#\- 1.3000001) (#\- 1.3000001) (#\- 1.3000001) (#\- 1.3000001)
  (#\- 1.3000001) (#\x 1.3000001) (#\- 1.3000001) (#\x 1.3000001) (#\- 1.3000001) (#\- 1.3000001) (#\- 1.3000001)
  (#\- 1.3000001) (#\x 1.3000001) (#\- 1.2))
 ((#\- 1.2) (#\- 1.3000001) (#\x 1.3000001) (#\x 1.3000001) (#\- 1.3000001) (#\- 1.3000001) (#\- 1.3000001) (#\x 1.3000001)
  (#\- 1.3000001) (#\- 1.3000001) (#\- 1.3000001) (#\- 1.3000001) (#\- 1.3000001) (#\- 1.3000001) (#\- 1.3000001)
  (#\- 1.3000001) (#\x 1.3000001) (#\- 1.3000001) (#\- 1.3000001) (#\x 1.3000001) (#\- 1.3000001) (#\- 1.3000001)
  (#\- 1.3000001) (#\- 1.3000001) (#\- 1.3000001) (#\x 1.3000001) (#\- 1.3000001) (#\- 1.3000001) (#\- 1.3000001)
  (#\- 1.3000001) (#\x 1.3000001) (#\- 1.3000001) (#\- 1.3000001) (#\- 1.3000001) (#\- 1.3000001) (#\- 1.3000001)
  (#\- 1.3000001) (#\- 1.3000001) (#\x 1.3000001) (#\- 1.3000001) (#\- 1.3000001) (#\- 1.3000001) (#\x 1.3000001)
  (#\- 1.3000001) (#\- 1.3000001) (#\- 1.3000001) (#\- 1.3000001) (#\- 1.3000001) (#\- 1.3000001) (#\x 1.3000001)
  (#\- 1.3000001) (#\x 1.3000001) (#\- 1.3000001) (#\x 1.3000001) (#\- 1.3000001) (#\- 1.3000001) (#\x 1.3000001)
  (#\x 1.3000001) (#\x 1.3000001) (#\- 1.2))
 ((#\- 1.2) (#\- 1.3000001) (#\- 1.3000001) (#\- 1.3000001) (#\x 1.3000001) (#\- 1.3000001) (#\- 1.3000001) (#\x 1.3000001)
  (#\- 1.3000001) (#\- 1.3000001) (#\x 1.3000001) (#\x 1.3000001) (#\x 1.3000001) (#\x 1.3000001) (#\x 1.3000001)
  (#\x 1.3000001) (#\x 1.3000001) (#\x 1.3000001) (#\- 1.3000001) (#\x 1.3000001) (#\x 1.3000001) (#\x 1.3000001)
  (#\x 1.3000001) (#\x 1.3000001) (#\x 1.3000001) (#\x 1.3000001) (#\x 1.3000001) (#\x 1.3000001) (#\x 1.3000001)
  (#\x 1.3000001) (#\x 1.3000001) (#\x 1.3000001) (#\x 1.3000001) (#\x 1.3000001) (#\x 1.3000001) (#\x 1.3000001)
  (#\x 1.3000001) (#\x 1.3000001) (#\x 1.3000001) (#\x 1.3000001) (#\x 1.3000001) (#\x 1.3000001) (#\x 1.3000001)
  (#\x 1.3000001) (#\x 1.3000001) (#\x 1.3000001) (#\- 1.3000001) (#\x 1.3000001) (#\x 1.3000001) (#\x 1.3000001)
  (#\x 1.3000001) (#\x 1.3000001) (#\x 1.3000001) (#\x 1.3000001) (#\- 1.3000001) (#\- 1.3000001) (#\- 1.3000001)
  (#\- 1.3000001) (#\- 1.3000001) (#\- 1.2))
 ((#\- 1.1) (#\- 1.2) (#\- 1.2) (#\- 1.2) (#\x 1.2) (#\- 1.2) (#\- 1.2) (#\x 1.2) (#\- 1.2) (#\- 1.2) (#\x 1.2) (#\- 1.2)
  (#\- 1.2) (#\- 1.2) (#\- 1.2) (#\- 1.2) (#\- 1.2) (#\- 1.2) (#\- 1.2) (#\- 1.2) (#\- 1.2) (#\- 1.2) (#\- 1.2) (#\- 1.2)
  (#\- 1.2) (#\- 1.2) (#\- 1.2) (#\- 1.2) (#\- 1.2) (#\- 1.2) (#\- 1.2) (#\- 1.2) (#\- 1.2) (#\- 1.2) (#\- 1.2) (#\- 1.2)
  (#\- 1.2) (#\- 1.2) (#\- 1.2) (#\- 1.2) (#\- 1.2) (#\- 1.2) (#\- 1.2) (#\- 1.2) (#\- 1.2) (#\- 1.2) (#\- 1.2) (#\- 1.2)
  (#\- 1.2) (#\- 1.2) (#\- 1.2) (#\- 1.2) (#\- 1.2) (#\- 1.2) (#\- 1.2) (#\- 1.2) (#\- 1.2) (#\- 1.2) (#\- 1.2) (#\- 1.1))) 
